Component: ARM Compiler 5.06 update 6 (build 750) Tool: armlink [4d35ed]

==============================================================================

Section Cross References

    main.o(.text) refers to misc.o(.text) for NVIC_PriorityGroupConfig
    main.o(.text) refers to delay.o(.text) for delay_init
    main.o(.text) refers to led.o(.text) for LED_Init
    main.o(.text) refers to usart.o(.text) for uart_init
    main.o(.text) refers to timer.o(.text) for TIM5_Int_Init
    main.o(.text) refers to motor.o(.text) for Motor_PWM_Init
    main.o(.text) refers to cardrivectrl.o(.text) for Encoder_Init_TIM2
    main.o(.text) refers to ccd.o(.text) for CtrlIO_Init
    main.o(.text) refers to wave.o(.text) for Drv_Hcsr04_Init
    main.o(.text) refers to f2d.o(x$fpl$f2d) for __aeabi_f2d
    main.o(.text) refers to dmul.o(x$fpl$dmul) for __aeabi_dmul
    main.o(.text) refers to d2f.o(x$fpl$d2f) for __aeabi_d2f
    main.o(.text) refers to main.o(.data) for .data
    main.o(.text) refers to timer.o(.data) for v_right
    system_stm32f4xx.o(.text) refers to system_stm32f4xx.o(.data) for .data
    led.o(.text) refers to stm32f4xx_rcc.o(.text) for RCC_AHB1PeriphClockCmd
    led.o(.text) refers to stm32f4xx_gpio.o(.text) for GPIO_Init
    timer.o(.text) refers to stm32f4xx_rcc.o(.text) for RCC_APB1PeriphClockCmd
    timer.o(.text) refers to stm32f4xx_tim.o(.text) for TIM_TimeBaseInit
    timer.o(.text) refers to misc.o(.text) for NVIC_Init
    timer.o(.text) refers to cardrivectrl.o(.text) for Read_Encoder
    timer.o(.text) refers to timer.o(.data) for .data
    motor.o(.text) refers to stm32f4xx_rcc.o(.text) for RCC_APB1PeriphClockCmd
    motor.o(.text) refers to stm32f4xx_gpio.o(.text) for GPIO_Init
    motor.o(.text) refers to stm32f4xx_tim.o(.text) for TIM_TimeBaseInit
    ccd.o(.text) refers to _printf_percent.o(.ARM.Collect$$_printf_percent$$00000000) for _printf_percent
    ccd.o(.text) refers to _printf_d.o(.ARM.Collect$$_printf_percent$$00000009) for _printf_d
    ccd.o(.text) refers to _printf_dec.o(.text) for _printf_int_dec
    ccd.o(.text) refers to stm32f4xx_rcc.o(.text) for RCC_AHB1PeriphClockCmd
    ccd.o(.text) refers to stm32f4xx_gpio.o(.text) for GPIO_Init
    ccd.o(.text) refers to stm32f4xx_adc.o(.text) for ADC_CommonInit
    ccd.o(.text) refers to delay.o(.text) for delay_ms
    ccd.o(.text) refers to noretval__2printf.o(.text) for __2printf
    ccd.o(.text) refers to ccd.o(.bss) for .bss
    ccd.o(.text) refers to ccd.o(.data) for .data
    wave.o(.text) refers to stm32f4xx_rcc.o(.text) for RCC_APB1PeriphClockCmd
    wave.o(.text) refers to stm32f4xx_gpio.o(.text) for GPIO_Init
    wave.o(.text) refers to stm32f4xx_tim.o(.text) for TIM_DeInit
    wave.o(.text) refers to misc.o(.text) for NVIC_PriorityGroupConfig
    wave.o(.text) refers to delay.o(.text) for delay_ms
    wave.o(.text) refers to f2d.o(x$fpl$f2d) for __aeabi_f2d
    wave.o(.text) refers to ddiv.o(x$fpl$ddiv) for __aeabi_ddiv
    wave.o(.text) refers to d2f.o(x$fpl$d2f) for __aeabi_d2f
    wave.o(.text) refers to wave.o(.data) for .data
    delay.o(.text) refers to misc.o(.text) for SysTick_CLKSourceConfig
    delay.o(.text) refers to delay.o(.data) for .data
    usart.o(.rev16_text) refers (Special) to use_no_semi_2.o(.text) for __use_no_semihosting
    usart.o(.revsh_text) refers (Special) to use_no_semi_2.o(.text) for __use_no_semihosting
    usart.o(.text) refers (Special) to use_no_semi_2.o(.text) for __use_no_semihosting
    usart.o(.text) refers to stm32f4xx_rcc.o(.text) for RCC_AHB1PeriphClockCmd
    usart.o(.text) refers to stm32f4xx_gpio.o(.text) for GPIO_PinAFConfig
    usart.o(.text) refers to stm32f4xx_usart.o(.text) for USART_Init
    usart.o(.text) refers to misc.o(.text) for NVIC_Init
    usart.o(.text) refers to usart.o(.data) for .data
    usart.o(.text) refers to usart.o(.bss) for .bss
    usart.o(.bss) refers (Special) to use_no_semi_2.o(.text) for __use_no_semihosting
    usart.o(.data) refers (Special) to use_no_semi_2.o(.text) for __use_no_semihosting
    usart.o(.data) refers (Special) to use_no_semi_2.o(.text) for __use_no_semihosting
    startup_stm32f40_41xxx.o(STACK) refers (Special) to heapauxi.o(.text) for __use_two_region_memory
    startup_stm32f40_41xxx.o(HEAP) refers (Special) to heapauxi.o(.text) for __use_two_region_memory
    startup_stm32f40_41xxx.o(RESET) refers (Special) to heapauxi.o(.text) for __use_two_region_memory
    startup_stm32f40_41xxx.o(RESET) refers to startup_stm32f40_41xxx.o(STACK) for __initial_sp
    startup_stm32f40_41xxx.o(RESET) refers to startup_stm32f40_41xxx.o(.text) for Reset_Handler
    startup_stm32f40_41xxx.o(RESET) refers to stm32f4xx_it.o(.text) for NMI_Handler
    startup_stm32f40_41xxx.o(RESET) refers to usart.o(.text) for USART1_IRQHandler
    startup_stm32f40_41xxx.o(RESET) refers to timer.o(.text) for TIM5_IRQHandler
    startup_stm32f40_41xxx.o(RESET) refers to wave.o(.text) for TIM7_IRQHandler
[...]
    ../clib/angel/sys.s                      0x00000000   Number         0  sys_stackheap_outer.o ABSOLUTE
    ../clib/angel/sys.s                      0x00000000   Number         0  use_no_semi_2.o ABSOLUTE
    ../clib/angel/sys.s                      0x00000000   Number         0  libspace.o ABSOLUTE
    ../clib/angel/sys.s                      0x00000000   Number         0  use_no_semi.o ABSOLUTE
    ../clib/angel/sysapp.c                   0x00000000   Number         0  sys_wrch.o ABSOLUTE
    ../clib/angel/sysapp.c                   0x00000000   Number         0  sys_command.o ABSOLUTE
    ../clib/armsys.c                         0x00000000   Number         0  argv_veneer.o ABSOLUTE
    ../clib/armsys.c                         0x00000000   Number         0  _get_argv_nomalloc.o ABSOLUTE
    ../clib/armsys.c                         0x00000000   Number         0  no_argv.o ABSOLUTE
    ../clib/armsys.c                         0x00000000   Number         0  argv_veneer.o ABSOLUTE
    ../clib/heapalloc.c                      0x00000000   Number         0  hrguard.o ABSOLUTE
    ../clib/heapaux.c                        0x00000000   Number         0  heapauxi.o ABSOLUTE
    ../clib/libinit.s                        0x00000000   Number         0  libshutdown2.o ABSOLUTE
    ../clib/libinit.s                        0x00000000   Number         0  libshutdown.o ABSOLUTE
    ../clib/libinit.s                        0x00000000   Number         0  libinit.o ABSOLUTE
    ../clib/libinit.s                        0x00000000   Number         0  libinit2.o ABSOLUTE
    ../clib/printf.c                         0x00000000   Number         0  __printf_ss_wp.o ABSOLUTE
    ../clib/printf.c                         0x00000000   Number         0  __printf_flags_ss_wp.o ABSOLUTE
    ../clib/printf.c                         0x00000000   Number         0  __printf_flags_wp.o ABSOLUTE
    ../clib/printf.c                         0x00000000   Number         0  __2printf.o ABSOLUTE
    ../clib/printf.c                         0x00000000   Number         0  noretval__2printf.o ABSOLUTE
    ../clib/printf.c                         0x00000000   Number         0  __printf_nopercent.o ABSOLUTE
    ../clib/printf.c                         0x00000000   Number         0  __printf_wp.o ABSOLUTE
    ../clib/printf.c                         0x00000000   Number         0  _printf_char_common.o ABSOLUTE
    ../clib/printf.c                         0x00000000   Number         0  __printf.o ABSOLUTE
    ../clib/printf.c                         0x00000000   Number         0  _printf_dec.o ABSOLUTE
    ../clib/printf.c                         0x00000000   Number         0  __printf_flags.o ABSOLUTE
    ../clib/printf.c                         0x00000000   Number         0  __printf_ss.o ABSOLUTE
    ../clib/printf.c                         0x00000000   Number         0  __printf_flags_ss.o ABSOLUTE
    ../clib/printf.c                         0x00000000   Number         0  _printf_intcommon.o ABSOLUTE
    ../clib/printf.c                         0x00000000   Number         0  _printf_char_file.o ABSOLUTE
    ../clib/printf_percent.s                 0x00000000   Number         0  _printf_d.o ABSOLUTE
    ../clib/printf_percent.s                 0x00000000   Number         0  _printf_percent.o ABSOLUTE
    ../clib/printf_percent.s                 0x00000000   Number         0  _printf_percent_end.o ABSOLUTE
    ../clib/signal.c                         0x00000000   Number         0  defsig_segv_inner.o ABSOLUTE
    ../clib/signal.c                         0x00000000   Number         0  defsig_other.o ABSOLUTE
    ../clib/signal.c                         0x00000000   Number         0  defsig_pvfn_inner.o ABSOLUTE
    ../clib/signal.c                         0x00000000   Number         0  defsig_stak_inner.o ABSOLUTE
    ../clib/signal.c                         0x00000000   Number         0  defsig_cppl_inner.o ABSOLUTE
    ../clib/signal.c                         0x00000000   Number         0  defsig_rtred_inner.o ABSOLUTE
    ../clib/signal.c                         0x00000000   Number         0  defsig_fpe_inner.o ABSOLUTE
    ../clib/signal.c                         0x00000000   Number         0  defsig_abrt_inner.o ABSOLUTE
    ../clib/signal.c                         0x00000000   Number         0  defsig_rtmem_inner.o ABSOLUTE
    ../clib/signal.c                         0x00000000   Number         0  defsig_rtmem_formal.o ABSOLUTE
    ../clib/signal.c                         0x00000000   Number         0  defsig_exit.o ABSOLUTE
    ../clib/signal.c                         0x00000000   Number         0  defsig_rtmem_outer.o ABSOLUTE
    ../clib/signal.c                         0x00000000   Number         0  __raise.o ABSOLUTE
    ../clib/signal.c                         0x00000000   Number         0  defsig_general.o ABSOLUTE
    ../clib/signal.s                         0x00000000   Number         0  defsig.o ABSOLUTE
    ../clib/stdio.c                          0x00000000   Number         0  ferror.o ABSOLUTE
    ../clib/stdio.c                          0x00000000   Number         0  ferror_locked.o ABSOLUTE
    ../clib/stdlib.c                         0x00000000   Number         0  exit.o ABSOLUTE
    ../fplib/d2f.s                           0x00000000   Number         0  d2f.o ABSOLUTE
    ../fplib/ddiv.s                          0x00000000   Number         0  ddiv.o ABSOLUTE
    ../fplib/dmul.s                          0x00000000   Number         0  dmul.o ABSOLUTE
    ../fplib/dnaninf.s                       0x00000000   Number         0  dnaninf.o ABSOLUTE
    ../fplib/dretinf.s                       0x00000000   Number         0  dretinf.o ABSOLUTE
    ../fplib/f2d.s                           0x00000000   Number         0  f2d.o ABSOLUTE
    ../fplib/fnaninf.s                       0x00000000   Number         0  fnaninf.o ABSOLUTE
    ../fplib/fpinit.s                        0x00000000   Number         0  fpinit.o ABSOLUTE
    ../fplib/fretinf.s                       0x00000000   Number         0  fretinf.o ABSOLUTE
    ../fplib/usenofp.s                       0x00000000   Number         0  usenofp.o ABSOLUTE
    ..\APP\Car\CarDriveCtrl.c                0x00000000   Number         0  cardrivectrl.o ABSOLUTE
    ..\CORE\startup_stm32f40_41xxx.s         0x00000000   Number         0  startup_stm32f40_41xxx.o ABSOLUTE
    ..\FWLIB\src\misc.c                      0x00000000   Number         0  misc.o ABSOLUTE
    ..\FWLIB\src\stm32f4xx_adc.c             0x00000000   Number         0  stm32f4xx_adc.o ABSOLUTE
    ..\FWLIB\src\stm32f4xx_gpio.c            0x00000000   Number         0  stm32f4xx_gpio.o ABSOLUTE
    ..\FWLIB\src\stm32f4xx_rcc.c             0x00000000   Number         0  stm32f4xx_rcc.o ABSOLUTE
    ..\FWLIB\src\stm32f4xx_syscfg.c          0x00000000   Number         0  stm32f4xx_syscfg.o ABSOLUTE
    ..\FWLIB\src\stm32f4xx_tim.c             0x00000000   Number         0  stm32f4xx_tim.o ABSOLUTE
    ..\FWLIB\src\stm32f4xx_usart.c           0x00000000   Number         0  stm32f4xx_usart.o ABSOLUTE
    ..\HARDWARE\CCD\CCD.c                    0x00000000   Number         0  ccd.o ABSOLUTE
    ..\HARDWARE\LED\led.c                    0x00000000   Number         0  led.o ABSOLUTE
    ..\HARDWARE\Motor\Motor.c                0x00000000   Number         0  motor.o ABSOLUTE
    ..\HARDWARE\TIMER\timer.c                0x00000000   Number         0  timer.o ABSOLUTE
    ..\HARDWARE\WAVE\wave.c                  0x00000000   Number         0  wave.o ABSOLUTE
    ..\SYSTEM\delay\delay.c                  0x00000000   Number         0  delay.o ABSOLUTE
    ..\SYSTEM\sys\sys.c                      0x00000000   Number         0  sys.o ABSOLUTE
    ..\SYSTEM\usart\usart.c                  0x00000000   Number         0  usart.o ABSOLUTE
    ..\\APP\\Car\\CarDriveCtrl.c             0x00000000   Number         0  cardrivectrl.o ABSOLUTE
    ..\\FWLIB\\src\\misc.c                   0x00000000   Number         0  misc.o ABSOLUTE
    ..\\FWLIB\\src\\stm32f4xx_adc.c          0x00000000   Number         0  stm32f4xx_adc.o ABSOLUTE
    ..\\FWLIB\\src\\stm32f4xx_gpio.c         0x00000000   Number         0  stm32f4xx_gpio.o ABSOLUTE
    ..\\FWLIB\\src\\stm32f4xx_rcc.c          0x00000000   Number         0  stm32f4xx_rcc.o ABSOLUTE
    ..\\FWLIB\\src\\stm32f4xx_syscfg.c       0x00000000   Number         0  stm32f4xx_syscfg.o ABSOLUTE
    ..\\FWLIB\\src\\stm32f4xx_tim.c          0x00000000   Number         0  stm32f4xx_tim.o ABSOLUTE
    ..\\FWLIB\\src\\stm32f4xx_usart.c        0x00000000   Number         0  stm32f4xx_usart.o ABSOLUTE
    ..\\HARDWARE\\CCD\\CCD.c                 0x00000000   Number         0  ccd.o ABSOLUTE
    ..\\HARDWARE\\LED\\led.c                 0x00000000   Number         0  led.o ABSOLUTE
    ..\\HARDWARE\\Motor\\Motor.c             0x00000000   Number         0  motor.o ABSOLUTE
    ..\\HARDWARE\\TIMER\\timer.c             0x00000000   Number         0  timer.o ABSOLUTE
    ..\\HARDWARE\\WAVE\\wave.c               0x00000000   Number         0  wave.o ABSOLUTE
    ..\\SYSTEM\\delay\\delay.c               0x00000000   Number         0  delay.o ABSOLUTE
    ..\\SYSTEM\\sys\\sys.c                   0x00000000   Number         0  sys.o ABSOLUTE
    ..\\SYSTEM\\usart\\usart.c               0x00000000   Number         0  usart.o ABSOLUTE
    dc.s                                     0x00000000   Number         0  dc.o ABSOLUTE
    main.c                                   0x00000000   Number         0  main.o ABSOLUTE
    main.c                                   0x00000000   Number         0  main.o ABSOLUTE
    stm32f4xx_it.c                           0x00000000   Number         0  stm32f4xx_it.o ABSOLUTE
    stm32f4xx_it.c                           0x00000000   Number         0  stm32f4xx_it.o ABSOLUTE
    system_stm32f4xx.c                       0x00000000   Number         0  system_stm32f4xx.o ABSOLUTE
    system_stm32f4xx.c                       0x00000000   Number         0  system_stm32f4xx.o ABSOLUTE
    RESET                                    0x08000000   Section      392  startup_stm32f40_41xxx.o(RESET)
    !!!main                                  0x08000188   Section        8  __main.o(!!!main)
    !!!scatter                               0x08000190   Section       52  __scatter.o(!!!scatter)
    !!handler_copy                           0x080001c4   Section       26  __scatter_copy.o(!!handler_copy)
    !!handler_zi                             0x080001e0   Section       28  __scatter_zi.o(!!handler_zi)
    .ARM.Collect$$_printf_percent$$00000000  0x080001fc   Section        0  _printf_percent.o(.ARM.Collect$$_printf_percent$$00000000)
    .ARM.Collect$$_printf_percent$$00000009  0x080001fc   Section        6  _printf_d.o(.ARM.Collect$$_printf_percent$$00000009)
    .ARM.Collect$$_printf_percent$$00000017  0x08000202   Section        4  _printf_percent_end.o(.ARM.Collect$$_printf_percent$$00000017)
    .ARM.Collect$$libinit$$00000000          0x08000206   Section        2  libinit.o(.ARM.Collect$$libinit$$00000000)
    .ARM.Collect$$libinit$$00000001          0x08000208   Section        4  libinit2.o(.ARM.Collect$$libinit$$00000001)
    .ARM.Collect$$libinit$$00000004          0x0800020c   Section        0  libinit2.o(.ARM.Collect$$libinit$$00000004)
    .ARM.Collect$$libinit$$0000000A          0x0800020c   Section        0  libinit2.o(.ARM.Collect$$libinit$$0000000A)
    .ARM.Collect$$libinit$$0000000C          0x0800020c   Section        0  libinit2.o(.ARM.Collect$$libinit$$0000000C)
    .ARM.Collect$$libinit$$0000000E          0x0800020c   Section        0  libinit2.o(.ARM.Collect$$libinit$$0000000E)
    .ARM.Collect$$libinit$$00000011          0x0800020c   Section        0  libinit2.o(.ARM.Collect$$libinit$$00000011)
    .ARM.Collect$$libinit$$00000013          0x0800020c   Section        0  libinit2.o(.ARM.Collect$$libinit$$00000013)
    .ARM.Collect$$libinit$$00000015          0x0800020c   Section        0  libinit2.o(.ARM.Collect$$libinit$$00000015)
    .ARM.Collect$$libinit$$00000017          0x0800020c   Section        0  libinit2.o(.ARM.Collect$$libinit$$00000017)
    .ARM.Collect$$libinit$$00000019          0x0800020c   Section        0  libinit2.o(.ARM.Collect$$libinit$$00000019)
    .ARM.Collect$$libinit$$0000001B          0x0800020c   Section        0  libinit2.o(.ARM.Collect$$libinit$$0000001B)
    .ARM.Collect$$libinit$$0000001D          0x0800020c   Section        0  libinit2.o(.ARM.Collect$$libinit$$0000001D)
    .ARM.Collect$$libinit$$0000001F          0x0800020c   Section        0  libinit2.o(.ARM.Collect$$libinit$$0000001F)
    .ARM.Collect$$libinit$$00000021          0x0800020c   Section        0  libinit2.o(.ARM.Collect$$libinit$$00000021)
    .ARM.Collect$$libinit$$00000023          0x0800020c   Section        0  libinit2.o(.ARM.Collect$$libinit$$00000023)
    .ARM.Collect$$libinit$$00000025          0x0800020c   Section        0  libinit2.o(.ARM.Collect$$libinit$$00000025)
    .ARM.Collect$$libinit$$0000002C          0x0800020c   Section        0  libinit2.o(.ARM.Collect$$libinit$$0000002C)
    .ARM.Collect$$libinit$$0000002E          0x0800020c   Section        0  libinit2.o(.ARM.Collect$$libinit$$0000002E)
    .ARM.Collect$$libinit$$00000030          0x0800020c   Section        0  libinit2.o(.ARM.Collect$$libinit$$00000030)
    .ARM.Collect$$libinit$$00000032          0x0800020c   Section        0  libinit2.o(.ARM.Collect$$libinit$$00000032)
    .ARM.Collect$$libinit$$00000033          0x0800020c   Section        2  libinit2.o(.ARM.Collect$$libinit$$00000033)
    .ARM.Collect$$libshutdown$$00000000      0x0800020e   Section        2  libshutdown.o(.ARM.Collect$$libshutdown$$00000000)
    .ARM.Collect$$libshutdown$$00000002      0x08000210   Section        0  libshutdown2.o(.ARM.Collect$$libshutdown$$00000002)
    .ARM.Collect$$libshutdown$$00000004      0x08000210   Section        0  libshutdown2.o(.ARM.Collect$$libshutdown$$00000004)
    .ARM.Collect$$libshutdown$$00000007      0x08000210   Section        0  libshutdown2.o(.ARM.Collect$$libshutdown$$00000007)
    .ARM.Collect$$libshutdown$$0000000A      0x08000210   Section        0  libshutdown2.o(.ARM.Collect$$libshutdown$$0000000A)
    .ARM.Collect$$libshutdown$$0000000C      0x08000210   Section        0  libshutdown2.o(.ARM.Collect$$libshutdown$$0000000C)
    .ARM.Collect$$libshutdown$$0000000F      0x08000210   Section        0  libshutdown2.o(.ARM.Collect$$libshutdown$$0000000F)
    .ARM.Collect$$libshutdown$$00000010      0x08000210   Section        2  libshutdown2.o(.ARM.Collect$$libshutdown$$00000010)
    .ARM.Collect$$rtentry$$00000000          0x08000212   Section        0  __rtentry.o(.ARM.Collect$$rtentry$$00000000)
    .ARM.Collect$$rtentry$$00000002          0x08000212   Section        0  __rtentry2.o(.ARM.Collect$$rtentry$$00000002)
    .ARM.Collect$$rtentry$$00000004          0x08000212   Section        6  __rtentry4.o(.ARM.Collect$$rtentry$$00000004)
    .ARM.Collect$$rtentry$$00000009          0x08000218   Section        0  __rtentry2.o(.ARM.Collect$$rtentry$$00000009)
    .ARM.Collect$$rtentry$$0000000A          0x08000218   Section        4  __rtentry2.o(.ARM.Collect$$rtentry$$0000000A)
    .ARM.Collect$$rtentry$$0000000C          0x0800021c   Section        0  __rtentry2.o(.ARM.Collect$$rtentry$$0000000C)
    .ARM.Collect$$rtentry$$0000000D          0x0800021c   Section        8  __rtentry2.o(.ARM.Collect$$rtentry$$0000000D)
    .ARM.Collect$$rtexit$$00000000           0x08000224   Section        2  rtexit.o(.ARM.Collect$$rtexit$$00000000)
    .ARM.Collect$$rtexit$$00000002           0x08000226   Section        0  rtexit2.o(.ARM.Collect$$rtexit$$00000002)
    .ARM.Collect$$rtexit$$00000003           0x08000226   Section        4  rtexit2.o(.ARM.Collect$$rtexit$$00000003)
    .ARM.Collect$$rtexit$$00000004           0x0800022a   Section        6  rtexit2.o(.ARM.Collect$$rtexit$$00000004)
    .text                                    0x08000230   Section        0  main.o(.text)
    .text                                    0x08000308   Section        0  stm32f4xx_it.o(.text)
    .text                                    0x0800031c   Section        0  system_stm32f4xx.o(.text)
    SetSysClock                              0x0800031d   Thumb Code   168  system_stm32f4xx.o(.text)
    .text                                    0x080004ac   Section        0  led.o(.text)
    .text                                    0x080004ec   Section        0  timer.o(.text)
    .text                                    0x08000590   Section        0  motor.o(.text)
    .text                                    0x08000730   Section        0  ccd.o(.text)
    .text                                    0x08000a30   Section        0  wave.o(.text)
    .text                                    0x08000bc4   Section        0  delay.o(.text)
    .text                                    0x08000c7c   Section        0  usart.o(.text)
    .text                                    0x08000e1c   Section       64  startup_stm32f40_41xxx.o(.text)
    $v0                                      0x08000e1c   Number         0  startup_stm32f40_41xxx.o(.text)
    .text                                    0x08000e5c   Section        0  misc.o(.text)
    .text                                    0x08000f18   Section        0  stm32f4xx_gpio.o(.text)
    .text                                    0x0800117c   Section        0  stm32f4xx_rcc.o(.text)
    .text                                    0x0800165c   Section        0  stm32f4xx_tim.o(.text)
    TI4_Config                               0x08001d09   Thumb Code    54  stm32f4xx_tim.o(.text)
    TI3_Config                               0x08001d4f   Thumb Code    50  stm32f4xx_tim.o(.text)
    TI2_Config                               0x08001d99   Thumb Code    54  stm32f4xx_tim.o(.text)
    TI1_Config                               0x08001ddf   Thumb Code    46  stm32f4xx_tim.o(.text)
    .text                                    0x08002120   Section        0  stm32f4xx_usart.o(.text)
    .text                                    0x08002514   Section        0  stm32f4xx_adc.o(.text)
    .text                                    0x080028b4   Section        0  cardrivectrl.o(.text)
    .text                                    0x08002bdc   Section        2  use_no_semi_2.o(.text)
    .text                                    0x08002be0   Section        0  noretval__2printf.o(.text)
    .text                                    0x08002bf8   Section        0  __printf.o(.text)
    .text                                    0x08002c60   Section        0  _printf_dec.o(.text)
    .text                                    0x08002cd8   Section        0  heapauxi.o(.text)
    .text                                    0x08002cde   Section        2  use_no_semi.o(.text)
    .text                                    0x08002ce0   Section        0  _printf_intcommon.o(.text)
    .text                                    0x08002d94   Section        0  _printf_char_file.o(.text)
    .text                                    0x08002db8   Section        0  _printf_char_common.o(.text)
    _printf_input_char                       0x08002db9   Thumb Code    10  _printf_char_common.o(.text)
    .text                                    0x08002de8   Section        0  ferror.o(.text)
    .text                                    0x08002df0   Section       74  sys_stackheap_outer.o(.text)
    .text                                    0x08002e3a   Section        0  exit.o(.text)
    .text                                    0x08002e4c   Section        8  libspace.o(.text)
    x$fpl$d2f                                0x08002e54   Section       98  d2f.o(x$fpl$d2f)
    $v0                                      0x08002e54   Number         0  d2f.o(x$fpl$d2f)
    x$fpl$ddiv                               0x08002eb8   Section      688  ddiv.o(x$fpl$ddiv)
    $v0                                      0x08002eb8   Number         0  ddiv.o(x$fpl$ddiv)
    ddiv_entry                               0x08002ebf   Thumb Code     0  ddiv.o(x$fpl$ddiv)
    x$fpl$dmul                               0x08003168   Section      340  dmul.o(x$fpl$dmul)
    $v0                                      0x08003168   Number         0  dmul.o(x$fpl$dmul)
    x$fpl$dnaninf                            0x080032bc   Section      156  dnaninf.o(x$fpl$dnaninf)
    $v0                                      0x080032bc   Number         0  dnaninf.o(x$fpl$dnaninf)
    x$fpl$dretinf                            0x08003358   Section       12  dretinf.o(x$fpl$dretinf)
    $v0                                      0x08003358   Number         0  dretinf.o(x$fpl$dretinf)
    x$fpl$f2d                                0x08003364   Section       86  f2d.o(x$fpl$f2d)
    $v0                                      0x08003364   Number         0  f2d.o(x$fpl$f2d)
    x$fpl$fnaninf                            0x080033ba   Section      140  fnaninf.o(x$fpl$fnaninf)
    $v0                                      0x080033ba   Number         0  fnaninf.o(x$fpl$fnaninf)
    x$fpl$fpinit                             0x08003446   Section       10  fpinit.o(x$fpl$fpinit)
    $v0                                      0x08003446   Number         0  fpinit.o(x$fpl$fpinit)
    x$fpl$fretinf                            0x08003450   Section       10  fretinf.o(x$fpl$fretinf)
    $v0                                      0x08003450   Number         0  fretinf.o(x$fpl$fretinf)
    x$fpl$usenofp                            0x0800345a   Section        0  usenofp.o(x$fpl$usenofp)
    .data                                    0x20000000   Section       12  main.o(.data)
    .data                                    0x2000000c   Section       20  system_stm32f4xx.o(.data)
    .data                                    0x20000020   Section       12  timer.o(.data)
    .data                                    0x2000002c   Section       10  ccd.o(.data)
    i                                        0x2000002c   Data           1  ccd.o(.data)
    j                                        0x2000002d   Data           1  ccd.o(.data)
    Left                                     0x2000002e   Data           1  ccd.o(.data)
    Right                                    0x2000002f   Data           1  ccd.o(.data)
    value1_max                               0x20000032   Data           2  ccd.o(.data)
    value1_min                               0x20000034   Data           2  ccd.o(.data)
    .data                                    0x20000038   Section        4  wave.o(.data)
    .data                                    0x2000003c   Section        4  delay.o(.data)
    fac_us                                   0x2000003c   Data           1  delay.o(.data)
    fac_ms                                   0x2000003e   Data           2  delay.o(.data)
    .data                                    0x20000040   Section        2  usart.o(.data)
    .data                                    0x20000044   Section        4  usart.o(.data)
    .data                                    0x20000048   Section       16  stm32f4xx_rcc.o(.data)
    APBAHBPrescTable                         0x20000048   Data          16  stm32f4xx_rcc.o(.data)
    .data                                    0x20000058   Section       32  cardrivectrl.o(.data)
    Bias                                     0x20000060   Data           4  cardrivectrl.o(.data)
    Pwm                                      0x20000064   Data           4  cardrivectrl.o(.data)
    Last_bias                                0x20000068   Data           4  cardrivectrl.o(.data)
    Bias                                     0x2000006c   Data           4  cardrivectrl.o(.data)
    Pwm                                      0x20000070   Data           4  cardrivectrl.o(.data)
    Last_bias                                0x20000074   Data           4  cardrivectrl.o(.data)
    .bss                                     0x20000078   Section      256  ccd.o(.bss)
    .bss                                     0x20000178   Section      200  usart.o(.bss)
    .bss                                     0x20000240   Section       96  libspace.o(.bss)
    HEAP                                     0x200002a0   Section      512  startup_stm32f40_41xxx.o(HEAP)
    Heap_Mem                                 0x200002a0   Data         512  startup_stm32f40_41xxx.o(HEAP)
    STACK                                    0x200004a0   Section     1024  startup_stm32f40_41xxx.o(STACK)
    Stack_Mem                                0x200004a0   Data        1024  startup_stm32f40_41xxx.o(STACK)
    __initial_sp                             0x200008a0   Data           0  startup_stm32f40_41xxx.o(STACK)

    Global Symbols

    Symbol Name                              Value     Ov Type        Size  Object(Section)

    BuildAttributes$$THM_ISAv4$E$P$D$K$B$S$7EM$VFPi3$EXTD16$VFPS$VFMA$PE$A:L22UL41UL21$X:L11$S22US41US21$IEEE1$IW$USESV6$~STKCKD$USESV7$~SHL$OSPACE$ROPI$EBA8$UX$STANDARDLIB$REQ8$PRES8$EABIv2 0x00000000   Number         0  anon$$obj.o ABSOLUTE
    __ARM_use_no_argv                        0x00000000   Number         0  main.o ABSOLUTE
    __ARM_exceptions_init                     - Undefined Weak Reference
    __alloca_initialize                       - Undefined Weak Reference
    __arm_preinit_                            - Undefined Weak Reference
    __cpp_initialize__aeabi_                  - Undefined Weak Reference
    __cxa_finalize                            - Undefined Weak Reference
    __rt_locale                               - Undefined Weak Reference
    __sigvec_lookup                           - Undefined Weak Reference
    _atexit_init                              - Undefined Weak Reference
    _call_atexit_fns                          - Undefined Weak Reference
    _clock_init                               - Undefined Weak Reference
    _fp_trap_init                             - Undefined Weak Reference
    _fp_trap_shutdown                         - Undefined Weak Reference
    _get_lc_collate                           - Undefined Weak Reference
    _get_lc_ctype                             - Undefined Weak Reference
    _get_lc_monetary                          - Undefined Weak Reference
    _get_lc_numeric                           - Undefined Weak Reference
    _get_lc_time                              - Undefined Weak Reference
    _getenv_init                              - Undefined Weak Reference
    _handle_redirection                       - Undefined Weak Reference
    _init_alloc                               - Undefined Weak Reference
    _init_user_alloc                          - Undefined Weak Reference
    _initio                                   - Undefined Weak Reference
    _mutex_acquire                            - Undefined Weak Reference
    _mutex_release                            - Undefined Weak Reference
    _printf_post_padding                      - Undefined Weak Reference
    _printf_pre_padding                       - Undefined Weak Reference
    _printf_truncate_signed                   - Undefined Weak Reference
    _printf_truncate_unsigned                 - Undefined Weak Reference
    _rand_init                                - Undefined Weak Reference
    _signal_finish                            - Undefined Weak Reference
    _signal_init                              - Undefined Weak Reference
    _terminate_alloc                          - Undefined Weak Reference
    _terminate_user_alloc                     - Undefined Weak Reference
    _terminateio                              - Undefined Weak Reference
    __Vectors_Size                           0x00000188   Number         0  startup_stm32f40_41xxx.o ABSOLUTE
    __Vectors                                0x08000000   Data           4  startup_stm32f40_41xxx.o(RESET)
    __Vectors_End                            0x08000188   Data           0  startup_stm32f40_41xxx.o(RESET)
    __main                                   0x08000189   Thumb Code     8  __main.o(!!!main)
    __scatterload                            0x08000191   Thumb Code     0  __scatter.o(!!!scatter)
    __scatterload_rt2                        0x08000191   Thumb Code    44  __scatter.o(!!!scatter)
    __scatterload_rt2_thumb_only             0x08000191   Thumb Code     0  __scatter.o(!!!scatter)
    __scatterload_null                       0x0800019f   Thumb Code     0  __scatter.o(!!!scatter)
    __scatterload_copy                       0x080001c5   Thumb Code    26  __scatter_copy.o(!!handler_copy)
    __scatterload_zeroinit                   0x080001e1   Thumb Code    28  __scatter_zi.o(!!handler_zi)
    _printf_d                                0x080001fd   Thumb Code     0  _printf_d.o(.ARM.Collect$$_printf_percent$$00000009)
    _printf_percent                          0x080001fd   Thumb Code     0  _printf_percent.o(.ARM.Collect$$_printf_percent$$00000000)
    _printf_percent_end                      0x08000203   Thumb Code     0  _printf_percent_end.o(.ARM.Collect$$_printf_percent$$00000017)
    __rt_lib_init                            0x08000207   Thumb Code     0  libinit.o(.ARM.Collect$$libinit$$00000000)
    __rt_lib_init_fp_1                       0x08000209   Thumb Code     0  libinit2.o(.ARM.Collect$$libinit$$00000001)
    __rt_lib_init_alloca_1                   0x0800020d   Thumb Code     0  libinit2.o(.ARM.Collect$$libinit$$0000002E)
    __rt_lib_init_argv_1                     0x0800020d   Thumb Code     0  libinit2.o(.ARM.Collect$$libinit$$0000002C)
    __rt_lib_init_atexit_1                   0x0800020d   Thumb Code     0  libinit2.o(.ARM.Collect$$libinit$$0000001B)
    __rt_lib_init_clock_1                    0x0800020d   Thumb Code     0  libinit2.o(.ARM.Collect$$libinit$$00000021)
    __rt_lib_init_cpp_1                      0x0800020d   Thumb Code     0  libinit2.o(.ARM.Collect$$libinit$$00000032)
    __rt_lib_init_exceptions_1               0x0800020d   Thumb Code     0  libinit2.o(.ARM.Collect$$libinit$$00000030)
    __rt_lib_init_fp_trap_1                  0x0800020d   Thumb Code     0  libinit2.o(.ARM.Collect$$libinit$$0000001F)
    __rt_lib_init_getenv_1                   0x0800020d   Thumb Code     0  libinit2.o(.ARM.Collect$$libinit$$00000023)
    __rt_lib_init_heap_1                     0x0800020d   Thumb Code     0  libinit2.o(.ARM.Collect$$libinit$$0000000A)
    __rt_lib_init_lc_collate_1               0x0800020d   Thumb Code     0  libinit2.o(.ARM.Collect$$libinit$$00000011)
    __rt_lib_init_lc_ctype_1                 0x0800020d   Thumb Code     0  libinit2.o(.ARM.Collect$$libinit$$00000013)
    __rt_lib_init_lc_monetary_1              0x0800020d   Thumb Code     0  libinit2.o(.ARM.Collect$$libinit$$00000015)
    __rt_lib_init_lc_numeric_1               0x0800020d   Thumb Code     0  libinit2.o(.ARM.Collect$$libinit$$00000017)
    __rt_lib_init_lc_time_1                  0x0800020d   Thumb Code     0  libinit2.o(.ARM.Collect$$libinit$$00000019)
    __rt_lib_init_preinit_1                  0x0800020d   Thumb Code     0  libinit2.o(.ARM.Collect$$libinit$$00000004)
    __rt_lib_init_rand_1                     0x0800020d   Thumb Code     0  libinit2.o(.ARM.Collect$$libinit$$0000000E)
    __rt_lib_init_return                     0x0800020d   Thumb Code     0  libinit2.o(.ARM.Collect$$libinit$$00000033)
    __rt_lib_init_signal_1                   0x0800020d   Thumb Code     0  libinit2.o(.ARM.Collect$$libinit$$0000001D)
    __rt_lib_init_stdio_1                    0x0800020d   Thumb Code     0  libinit2.o(.ARM.Collect$$libinit$$00000025)
    __rt_lib_init_user_alloc_1               0x0800020d   Thumb Code     0  libinit2.o(.ARM.Collect$$libinit$$0000000C)
    __rt_lib_shutdown                        0x0800020f   Thumb Code     0  libshutdown.o(.ARM.Collect$$libshutdown$$00000000)
    __rt_lib_shutdown_cpp_1                  0x08000211   Thumb Code     0  libshutdown2.o(.ARM.Collect$$libshutdown$$00000002)
    __rt_lib_shutdown_fp_trap_1              0x08000211   Thumb Code     0  libshutdown2.o(.ARM.Collect$$libshutdown$$00000007)
    __rt_lib_shutdown_heap_1                 0x08000211   Thumb Code     0  libshutdown2.o(.ARM.Collect$$libshutdown$$0000000F)
    __rt_lib_shutdown_return                 0x08000211   Thumb Code     0  libshutdown2.o(.ARM.Collect$$libshutdown$$00000010)
    __rt_lib_shutdown_signal_1               0x08000211   Thumb Code     0  libshutdown2.o(.ARM.Collect$$libshutdown$$0000000A)
    __rt_lib_shutdown_stdio_1                0x08000211   Thumb Code     0  libshutdown2.o(.ARM.Collect$$libshutdown$$00000004)
    __rt_lib_shutdown_user_alloc_1           0x08000211   Thumb Code     0  libshutdown2.o(.ARM.Collect$$libshutdown$$0000000C)
    __rt_entry                               0x08000213   Thumb Code     0  __rtentry.o(.ARM.Collect$$rtentry$$00000000)
    __rt_entry_presh_1                       0x08000213   Thumb Code     0  __rtentry2.o(.ARM.Collect$$rtentry$$00000002)
    __rt_entry_sh                            0x08000213   Thumb Code     0  __rtentry4.o(.ARM.Collect$$rtentry$$00000004)
    __rt_entry_li                            0x08000219   Thumb Code     0  __rtentry2.o(.ARM.Collect$$rtentry$$0000000A)
    __rt_entry_postsh_1                      0x08000219   Thumb Code     0  __rtentry2.o(.ARM.Collect$$rtentry$$00000009)
    __rt_entry_main                          0x0800021d   Thumb Code     0  __rtentry2.o(.ARM.Collect$$rtentry$$0000000D)
    __rt_entry_postli_1                      0x0800021d   Thumb Code     0  __rtentry2.o(.ARM.Collect$$rtentry$$0000000C)
    __rt_exit                                0x08000225   Thumb Code     0  rtexit.o(.ARM.Collect$$rtexit$$00000000)
    __rt_exit_ls                             0x08000227   Thumb Code     0  rtexit2.o(.ARM.Collect$$rtexit$$00000003)
    __rt_exit_prels_1                        0x08000227   Thumb Code     0  rtexit2.o(.ARM.Collect$$rtexit$$00000002)
    __rt_exit_exit                           0x0800022b   Thumb Code     0  rtexit2.o(.ARM.Collect$$rtexit$$00000004)
    main                                     0x08000231   Thumb Code   194  main.o(.text)
    NMI_Handler                              0x08000309   Thumb Code     2  stm32f4xx_it.o(.text)
    HardFault_Handler                        0x0800030b   Thumb Code     2  stm32f4xx_it.o(.text)
    MemManage_Handler                        0x0800030d   Thumb Code     2  stm32f4xx_it.o(.text)
    BusFault_Handler                         0x0800030f   Thumb Code     2  stm32f4xx_it.o(.text)
    UsageFault_Handler                       0x08000311   Thumb Code     2  stm32f4xx_it.o(.text)
    SVC_Handler                              0x08000313   Thumb Code     2  stm32f4xx_it.o(.text)
    DebugMon_Handler                         0x08000315   Thumb Code     2  stm32f4xx_it.o(.text)
    PendSV_Handler                           0x08000317   Thumb Code     2  stm32f4xx_it.o(.text)
    SysTick_Handler                          0x08000319   Thumb Code     2  stm32f4xx_it.o(.text)
    SystemInit                               0x080003c5   Thumb Code    74  system_stm32f4xx.o(.text)
    SystemCoreClockUpdate                    0x0800040f   Thumb Code   122  system_stm32f4xx.o(.text)
    LED_Init                                 0x080004ad   Thumb Code    58  led.o(.text)
    TIM5_Int_Init                            0x080004ed   Thumb Code    88  timer.o(.text)
    TIM5_IRQHandler                          0x08000545   Thumb Code    62  timer.o(.text)
    Motor_PWM_Init                           0x08000591   Thumb Code   234  motor.o(.text)
    Servo_PWM_Init                           0x0800067b   Thumb Code   164  motor.o(.text)
    CtrlIO_Init                              0x08000731   Thumb Code    76  ccd.o(.text)
    Adc_Init                                 0x0800077d   Thumb Code   162  ccd.o(.text)
    Get_Adc                                  0x0800081f   Thumb Code    44  ccd.o(.text)
    Get_Adc_Average                          0x0800084b   Thumb Code    46  ccd.o(.text)
    Dly_us                                   0x08000879   Thumb Code    10  ccd.o(.text)
    RD_TSL                                   0x08000883   Thumb Code   114  ccd.o(.text)
    myabs                                    0x080008f5   Thumb Code     8  ccd.o(.text)
    Find_CCD_Zhongzhi                        0x080008fd   Thumb Code   262  ccd.o(.text)
    Drv_Hcsr04_Init                          0x08000a31   Thumb Code   180  wave.o(.text)
    Drv_Hcsr04_OpenTimerForHc                0x08000ae5   Thumb Code    30  wave.o(.text)
    Drv_Hcsr04_CloseTimerForHc               0x08000b03   Thumb Code     8  wave.o(.text)
    TIM7_IRQHandler                          0x08000b0b   Thumb Code    34  wave.o(.text)
    Drv_Hcsr04_GetEchoTimer                  0x08000b2d   Thumb Code    38  wave.o(.text)
    Med_Hcsr04_GetLength                     0x08000b53   Thumb Code    88  wave.o(.text)
    delay_init                               0x08000bc5   Thumb Code    38  delay.o(.text)
    delay_us                                 0x08000beb   Thumb Code    46  delay.o(.text)
    delay_xms                                0x08000c19   Thumb Code    46  delay.o(.text)
    delay_ms                                 0x08000c47   Thumb Code    50  delay.o(.text)
    _sys_exit                                0x08000c7d   Thumb Code     2  usart.o(.text)
    fputc                                    0x08000c7f   Thumb Code    14  usart.o(.text)
    Usart2_init                              0x08000c8d   Thumb Code   124  usart.o(.text)
    uart_init                                0x08000d09   Thumb Code   164  usart.o(.text)
    USART1_IRQHandler                        0x08000dad   Thumb Code    92  usart.o(.text)
    Reset_Handler                            0x08000e1d   Thumb Code     8  startup_stm32f40_41xxx.o(.text)
    ADC_IRQHandler                           0x08000e37   Thumb Code     0  startup_stm32f40_41xxx.o(.text)
    CAN1_RX0_IRQHandler                      0x08000e37   Thumb Code     0  startup_stm32f40_41xxx.o(.text)
    CAN1_RX1_IRQHandler                      0x08000e37   Thumb Code     0  startup_stm32f40_41xxx.o(.text)
    CAN1_SCE_IRQHandler                      0x08000e37   Thumb Code     0  startup_stm32f40_41xxx.o(.text)
    CAN1_TX_IRQHandler                       0x08000e37   Thumb Code     0  startup_stm32f40_41xxx.o(.text)
    CAN2_RX0_IRQHandler                      0x08000e37   Thumb Code     0  startup_stm32f40_41xxx.o(.text)
    CAN2_RX1_IRQHandler                      0x08000e37   Thumb Code     0  startup_stm32f40_41xxx.o(.text)
    CAN2_SCE_IRQHandler                      0x08000e37   Thumb Code     0  startup_stm32f40_41xxx.o(.text)
    CAN2_TX_IRQHandler                       0x08000e37   Thumb Code     0  startup_stm32f40_41xxx.o(.text)
    CRYP_IRQHandler                          0x08000e37   Thumb Code     0  startup_stm32f40_41xxx.o(.text)
    DCMI_IRQHandler                          0x08000e37   Thumb Code     0  startup_stm32f40_41xxx.o(.text)
    DMA1_Stream0_IRQHandler                  0x08000e37   Thumb Code     0  startup_stm32f40_41xxx.o(.text)
    DMA1_Stream1_IRQHandler                  0x08000e37   Thumb Code     0  startup_stm32f40_41xxx.o(.text)
    DMA1_Stream2_IRQHandler                  0x08000e37   Thumb Code     0  startup_stm32f40_41xxx.o(.text)
    DMA1_Stream3_IRQHandler                  0x08000e37   Thumb Code     0  startup_stm32f40_41xxx.o(.text)
    DMA1_Stream4_IRQHandler                  0x08000e37   Thumb Code     0  startup_stm32f40_41xxx.o(.text)
    DMA1_Stream5_IRQHandler                  0x08000e37   Thumb Code     0  startup_stm32f40_41xxx.o(.text)
    DMA1_Stream6_IRQHandler                  0x08000e37   Thumb Code     0  startup_stm32f40_41xxx.o(.text)
    DMA1_Stream7_IRQHandler                  0x08000e37   Thumb Code     0  startup_stm32f40_41xxx.o(.text)
    DMA2_Stream0_IRQHandler                  0x08000e37   Thumb Code     0  startup_stm32f40_41xxx.o(.text)
    DMA2_Stream1_IRQHandler                  0x08000e37   Thumb Code     0  startup_stm32f40_41xxx.o(.text)
    DMA2_Stream2_IRQHandler                  0x08000e37   Thumb Code     0  startup_stm32f40_41xxx.o(.text)
    DMA2_Stream3_IRQHandler                  0x08000e37   Thumb Code     0  startup_stm32f40_41xxx.o(.text)
    DMA2_Stream4_IRQHandler                  0x08000e37   Thumb Code     0  startup_stm32f40_41xxx.o(.text)
    DMA2_Stream5_IRQHandler                  0x08000e37   Thumb Code     0  startup_stm32f40_41xxx.o(.text)
    DMA2_Stream6_IRQHandler                  0x08000e37   Thumb Code     0  startup_stm32f40_41xxx.o(.text)
    DMA2_Stream7_IRQHandler                  0x08000e37   Thumb Code     0  startup_stm32f40_41xxx.o(.text)
    ETH_IRQHandler                           0x08000e37   Thumb Code     0  startup_stm32f40_41xxx.o(.text)
    ETH_WKUP_IRQHandler                      0x08000e37   Thumb Code     0  startup_stm32f40_41xxx.o(.text)
    EXTI0_IRQHandler                         0x08000e37   Thumb Code     0  startup_stm32f40_41xxx.o(.text)
    EXTI15_10_IRQHandler                     0x08000e37   Thumb Code     0  startup_stm32f40_41xxx.o(.text)
    EXTI1_IRQHandler                         0x08000e37   Thumb Code     0  startup_stm32f40_41xxx.o(.text)
    EXTI2_IRQHandler                         0x08000e37   Thumb Code     0  startup_stm32f40_41xxx.o(.text)
    EXTI3_IRQHandler                         0x08000e37   Thumb Code     0  startup_stm32f40_41xxx.o(.text)
    EXTI4_IRQHandler                         0x08000e37   Thumb Code     0  startup_stm32f40_41xxx.o(.text)
    EXTI9_5_IRQHandler                       0x08000e37   Thumb Code     0  startup_stm32f40_41xxx.o(.text)
    FLASH_IRQHandler                         0x08000e37   Thumb Code     0  startup_stm32f40_41xxx.o(.text)
    FPU_IRQHandler                           0x08000e37   Thumb Code     0  startup_stm32f40_41xxx.o(.text)
    FSMC_IRQHandler                          0x08000e37   Thumb Code     0  startup_stm32f40_41xxx.o(.text)
    HASH_RNG_IRQHandler                      0x08000e37   Thumb Code     0  startup_stm32f40_41xxx.o(.text)
    I2C1_ER_IRQHandler                       0x08000e37   Thumb Code     0  startup_stm32f40_41xxx.o(.text)
    I2C1_EV_IRQHandler                       0x08000e37   Thumb Code     0  startup_stm32f40_41xxx.o(.text)
    I2C2_ER_IRQHandler                       0x08000e37   Thumb Code     0  startup_stm32f40_41xxx.o(.text)
    I2C2_EV_IRQHandler                       0x08000e37   Thumb Code     0  startup_stm32f40_41xxx.o(.text)
    I2C3_ER_IRQHandler                       0x08000e37   Thumb Code     0  startup_stm32f40_41xxx.o(.text)
    I2C3_EV_IRQHandler                       0x08000e37   Thumb Code     0  startup_stm32f40_41xxx.o(.text)
    OTG_FS_IRQHandler                        0x08000e37   Thumb Code     0  startup_stm32f40_41xxx.o(.text)
    OTG_FS_WKUP_IRQHandler                   0x08000e37   Thumb Code     0  startup_stm32f40_41xxx.o(.text)
    OTG_HS_EP1_IN_IRQHandler                 0x08000e37   Thumb Code     0  startup_stm32f40_41xxx.o(.text)
    OTG_HS_EP1_OUT_IRQHandler                0x08000e37   Thumb Code     0  startup_stm32f40_41xxx.o(.text)
    OTG_HS_IRQHandler                        0x08000e37   Thumb Code     0  startup_stm32f40_41xxx.o(.text)
    OTG_HS_WKUP_IRQHandler                   0x08000e37   Thumb Code     0  startup_stm32f40_41xxx.o(.text)
    PVD_IRQHandler                           0x08000e37   Thumb Code     0  startup_stm32f40_41xxx.o(.text)
    RCC_IRQHandler                           0x08000e37   Thumb Code     0  startup_stm32f40_41xxx.o(.text)
    RTC_Alarm_IRQHandler                     0x08000e37   Thumb Code     0  startup_stm32f40_41xxx.o(.text)
    RTC_WKUP_IRQHandler                      0x08000e37   Thumb Code     0  startup_stm32f40_41xxx.o(.text)
    SDIO_IRQHandler                          0x08000e37   Thumb Code     0  startup_stm32f40_41xxx.o(.text)
    SPI1_IRQHandler                          0x08000e37   Thumb Code     0  startup_stm32f40_41xxx.o(.text)
    SPI2_IRQHandler                          0x08000e37   Thumb Code     0  startup_stm32f40_41xxx.o(.text)
    SPI3_IRQHandler                          0x08000e37   Thumb Code     0  startup_stm32f40_41xxx.o(.text)
    TAMP_STAMP_IRQHandler                    0x08000e37   Thumb Code     0  startup_stm32f40_41xxx.o(.text)
    TIM1_BRK_TIM9_IRQHandler                 0x08000e37   Thumb Code     0  startup_stm32f40_41xxx.o(.text)
    TIM1_CC_IRQHandler                       0x08000e37   Thumb Code     0  startup_stm32f40_41xxx.o(.text)
    TIM1_TRG_COM_TIM11_IRQHandler            0x08000e37   Thumb Code     0  startup_stm32f40_41xxx.o(.text)
    TIM1_UP_TIM10_IRQHandler                 0x08000e37   Thumb Code     0  startup_stm32f40_41xxx.o(.text)
    TIM2_IRQHandler                          0x08000e37   Thumb Code     0  startup_stm32f40_41xxx.o(.text)
    TIM3_IRQHandler                          0x08000e37   Thumb Code     0  startup_stm32f40_41xxx.o(.text)
    TIM4_IRQHandler                          0x08000e37   Thumb Code     0  startup_stm32f40_41xxx.o(.text)
    TIM6_DAC_IRQHandler                      0x08000e37   Thumb Code     0  startup_stm32f40_41xxx.o(.text)
    TIM8_BRK_TIM12_IRQHandler                0x08000e37   Thumb Code     0  startup_stm32f40_41xxx.o(.text)
    TIM8_CC_IRQHandler                       0x08000e37   Thumb Code     0  startup_stm32f40_41xxx.o(.text)
    TIM8_TRG_COM_TIM14_IRQHandler            0x08000e37   Thumb Code     0  startup_stm32f40_41xxx.o(.text)
    TIM8_UP_TIM13_IRQHandler                 0x08000e37   Thumb Code     0  startup_stm32f40_41xxx.o(.text)
    UART4_IRQHandler                         0x08000e37   Thumb Code     0  startup_stm32f40_41xxx.o(.text)
    UART5_IRQHandler                         0x08000e37   Thumb Code     0  startup_stm32f40_41xxx.o(.text)
    USART2_IRQHandler                        0x08000e37   Thumb Code     0  startup_stm32f40_41xxx.o(.text)
    USART3_IRQHandler                        0x08000e37   Thumb Code     0  startup_stm32f40_41xxx.o(.text)
    USART6_IRQHandler                        0x08000e37   Thumb Code     0  startup_stm32f40_41xxx.o(.text)
    WWDG_IRQHandler                          0x08000e37   Thumb Code     0  startup_stm32f40_41xxx.o(.text)
    __user_initial_stackheap                 0x08000e39   Thumb Code     0  startup_stm32f40_41xxx.o(.text)
    NVIC_PriorityGroupConfig                 0x08000e5d   Thumb Code    10  misc.o(.text)
    NVIC_Init                                0x08000e67   Thumb Code    98  misc.o(.text)
    NVIC_SetVectorTable                      0x08000ec9   Thumb Code    14  misc.o(.text)
    NVIC_SystemLPConfig                      0x08000ed7   Thumb Code    24  misc.o(.text)
    SysTick_CLKSourceConfig                  0x08000eef   Thumb Code    28  misc.o(.text)
    GPIO_DeInit                              0x08000f19   Thumb Code   296  stm32f4xx_gpio.o(.text)
    GPIO_Init                                0x08001041   Thumb Code   124  stm32f4xx_gpio.o(.text)
    GPIO_StructInit                          0x080010bd   Thumb Code    18  stm32f4xx_gpio.o(.text)
    GPIO_PinLockConfig                       0x080010cf   Thumb Code    26  stm32f4xx_gpio.o(.text)
    GPIO_ReadInputDataBit                    0x080010e9   Thumb Code    14  stm32f4xx_gpio.o(.text)
    GPIO_ReadInputData                       0x080010f7   Thumb Code     6  stm32f4xx_gpio.o(.text)
    GPIO_ReadOutputDataBit                   0x080010fd   Thumb Code    14  stm32f4xx_gpio.o(.text)
    GPIO_ReadOutputData                      0x0800110b   Thumb Code     6  stm32f4xx_gpio.o(.text)
    GPIO_SetBits                             0x08001111   Thumb Code     4  stm32f4xx_gpio.o(.text)
    GPIO_ResetBits                           0x08001115   Thumb Code     4  stm32f4xx_gpio.o(.text)
    GPIO_WriteBit                            0x08001119   Thumb Code    12  stm32f4xx_gpio.o(.text)
    GPIO_Write                               0x08001125   Thumb Code     4  stm32f4xx_gpio.o(.text)
    GPIO_ToggleBits                          0x08001129   Thumb Code     8  stm32f4xx_gpio.o(.text)
    GPIO_PinAFConfig                         0x08001131   Thumb Code    32  stm32f4xx_gpio.o(.text)
    RCC_DeInit                               0x0800117d   Thumb Code    68  stm32f4xx_rcc.o(.text)
    RCC_HSEConfig                            0x080011c1   Thumb Code    12  stm32f4xx_rcc.o(.text)
    RCC_GetFlagStatus                        0x080011cd   Thumb Code    50  stm32f4xx_rcc.o(.text)
    RCC_WaitForHSEStartUp                    0x080011ff   Thumb Code    48  stm32f4xx_rcc.o(.text)
    RCC_AdjustHSICalibrationValue            0x0800122f   Thumb Code    16  stm32f4xx_rcc.o(.text)
    RCC_HSICmd                               0x0800123f   Thumb Code     6  stm32f4xx_rcc.o(.text)
    RCC_LSEConfig                            0x08001245   Thumb Code    30  stm32f4xx_rcc.o(.text)
    RCC_LSICmd                               0x08001263   Thumb Code     6  stm32f4xx_rcc.o(.text)
    RCC_PLLConfig                            0x08001269   Thumb Code    34  stm32f4xx_rcc.o(.text)
    RCC_PLLCmd                               0x0800128b   Thumb Code     6  stm32f4xx_rcc.o(.text)
    RCC_PLLI2SConfig                         0x08001291   Thumb Code    14  stm32f4xx_rcc.o(.text)
    RCC_PLLI2SCmd                            0x0800129f   Thumb Code     6  stm32f4xx_rcc.o(.text)
    RCC_PLLSAIConfig                         0x080012a5   Thumb Code    18  stm32f4xx_rcc.o(.text)
    RCC_PLLSAICmd                            0x080012b7   Thumb Code     6  stm32f4xx_rcc.o(.text)
    RCC_ClockSecuritySystemCmd               0x080012bd   Thumb Code     6  stm32f4xx_rcc.o(.text)
    RCC_MCO1Config                           0x080012c3   Thumb Code    18  stm32f4xx_rcc.o(.text)
    RCC_MCO2Config                           0x080012d5   Thumb Code    18  stm32f4xx_rcc.o(.text)
    RCC_SYSCLKConfig                         0x080012e7   Thumb Code    16  stm32f4xx_rcc.o(.text)
    RCC_GetSYSCLKSource                      0x080012f7   Thumb Code    12  stm32f4xx_rcc.o(.text)
    RCC_HCLKConfig                           0x08001303   Thumb Code    16  stm32f4xx_rcc.o(.text)
    RCC_PCLK1Config                          0x08001313   Thumb Code    16  stm32f4xx_rcc.o(.text)
    RCC_PCLK2Config                          0x08001323   Thumb Code    18  stm32f4xx_rcc.o(.text)
    RCC_GetClocksFreq                        0x08001335   Thumb Code   150  stm32f4xx_rcc.o(.text)
    RCC_RTCCLKConfig                         0x080013cb   Thumb Code    42  stm32f4xx_rcc.o(.text)
    RCC_RTCCLKCmd                            0x080013f5   Thumb Code     8  stm32f4xx_rcc.o(.text)
    RCC_BackupResetCmd                       0x080013fd   Thumb Code     8  stm32f4xx_rcc.o(.text)
    RCC_I2SCLKConfig                         0x08001405   Thumb Code     6  stm32f4xx_rcc.o(.text)
    RCC_SAIPLLI2SClkDivConfig                0x0800140b   Thumb Code    18  stm32f4xx_rcc.o(.text)
    RCC_SAIPLLSAIClkDivConfig                0x0800141d   Thumb Code    20  stm32f4xx_rcc.o(.text)
    RCC_SAIBlockACLKConfig                   0x08001431   Thumb Code    16  stm32f4xx_rcc.o(.text)
    RCC_SAIBlockBCLKConfig                   0x08001441   Thumb Code    16  stm32f4xx_rcc.o(.text)
    RCC_LTDCCLKDivConfig                     0x08001451   Thumb Code    16  stm32f4xx_rcc.o(.text)
    RCC_TIMCLKPresConfig                     0x08001461   Thumb Code     6  stm32f4xx_rcc.o(.text)
    RCC_AHB1PeriphClockCmd                   0x08001467   Thumb Code    24  stm32f4xx_rcc.o(.text)
    RCC_AHB2PeriphClockCmd                   0x0800147f   Thumb Code    24  stm32f4xx_rcc.o(.text)
    RCC_AHB3PeriphClockCmd                   0x08001497   Thumb Code    24  stm32f4xx_rcc.o(.text)
    RCC_APB1PeriphClockCmd                   0x080014af   Thumb Code    24  stm32f4xx_rcc.o(.text)
    RCC_APB2PeriphClockCmd                   0x080014c7   Thumb Code    24  stm32f4xx_rcc.o(.text)
    RCC_AHB1PeriphResetCmd                   0x080014df   Thumb Code    24  stm32f4xx_rcc.o(.text)
    RCC_AHB2PeriphResetCmd                   0x080014f7   Thumb Code    24  stm32f4xx_rcc.o(.text)
    RCC_AHB3PeriphResetCmd                   0x0800150f   Thumb Code    24  stm32f4xx_rcc.o(.text)
    RCC_APB1PeriphResetCmd                   0x08001527   Thumb Code    24  stm32f4xx_rcc.o(.text)
    RCC_APB2PeriphResetCmd                   0x0800153f   Thumb Code    24  stm32f4xx_rcc.o(.text)
    RCC_AHB1PeriphClockLPModeCmd             0x08001557   Thumb Code    70  stm32f4xx_rcc.o(.text)
    RCC_AHB2PeriphClockLPModeCmd             0x0800159d   Thumb Code    22  stm32f4xx_rcc.o(.text)
    RCC_AHB3PeriphClockLPModeCmd             0x080015b3   Thumb Code    24  stm32f4xx_rcc.o(.text)
    RCC_APB1PeriphClockLPModeCmd             0x080015cb   Thumb Code    24  stm32f4xx_rcc.o(.text)
    RCC_APB2PeriphClockLPModeCmd             0x080015e3   Thumb Code    24  stm32f4xx_rcc.o(.text)
    RCC_LSEModeConfig                        0x080015fb   Thumb Code    28  stm32f4xx_rcc.o(.text)
    RCC_ITConfig                             0x08001617   Thumb Code    24  stm32f4xx_rcc.o(.text)
    RCC_ClearFlag                            0x0800162f   Thumb Code    14  stm32f4xx_rcc.o(.text)
    RCC_GetITStatus                          0x0800163d   Thumb Code    18  stm32f4xx_rcc.o(.text)
    RCC_ClearITPendingBit                    0x0800164f   Thumb Code     8  stm32f4xx_rcc.o(.text)
    TIM_DeInit                               0x0800165d   Thumb Code   376  stm32f4xx_tim.o(.text)
    TIM_TimeBaseInit                         0x080017d5   Thumb Code    96  stm32f4xx_tim.o(.text)
    TIM_TimeBaseStructInit                   0x08001835   Thumb Code    18  stm32f4xx_tim.o(.text)
    TIM_PrescalerConfig                      0x08001847   Thumb Code     6  stm32f4xx_tim.o(.text)
    TIM_CounterModeConfig                    0x0800184d   Thumb Code    12  stm32f4xx_tim.o(.text)
    TIM_SetCounter                           0x08001859   Thumb Code     4  stm32f4xx_tim.o(.text)
    TIM_SetAutoreload                        0x0800185d   Thumb Code     4  stm32f4xx_tim.o(.text)
    TIM_GetCounter                           0x08001861   Thumb Code     4  stm32f4xx_tim.o(.text)
    TIM_GetPrescaler                         0x08001865   Thumb Code     4  stm32f4xx_tim.o(.text)
    TIM_UpdateDisableConfig                  0x08001869   Thumb Code    24  stm32f4xx_tim.o(.text)
    TIM_UpdateRequestConfig                  0x08001881   Thumb Code    24  stm32f4xx_tim.o(.text)
    TIM_ARRPreloadConfig                     0x08001899   Thumb Code    24  stm32f4xx_tim.o(.text)
    TIM_SelectOnePulseMode                   0x080018b1   Thumb Code    16  stm32f4xx_tim.o(.text)
    TIM_SetClockDivision                     0x080018c1   Thumb Code    16  stm32f4xx_tim.o(.text)
    TIM_Cmd                                  0x080018d1   Thumb Code    24  stm32f4xx_tim.o(.text)
    TIM_OC1Init                              0x080018e9   Thumb Code    96  stm32f4xx_tim.o(.text)
    TIM_OC2Init                              0x08001949   Thumb Code   128  stm32f4xx_tim.o(.text)
    TIM_OC3Init                              0x080019c9   Thumb Code   176  stm32f4xx_tim.o(.text)
    TIM_OC4Init                              0x08001a79   Thumb Code    92  stm32f4xx_tim.o(.text)
    TIM_OCStructInit                         0x08001ad5   Thumb Code    20  stm32f4xx_tim.o(.text)
    TIM_SelectOCxM                           0x08001ae9   Thumb Code    80  stm32f4xx_tim.o(.text)
    TIM_SetCompare1                          0x08001b39   Thumb Code     4  stm32f4xx_tim.o(.text)
    TIM_SetCompare2                          0x08001b3d   Thumb Code     4  stm32f4xx_tim.o(.text)
    TIM_SetCompare3                          0x08001b41   Thumb Code     4  stm32f4xx_tim.o(.text)
    TIM_SetCompare4                          0x08001b45   Thumb Code     4  stm32f4xx_tim.o(.text)
    TIM_ForcedOC1Config                      0x08001b49   Thumb Code    12  stm32f4xx_tim.o(.text)
    TIM_ForcedOC2Config                      0x08001b55   Thumb Code    20  stm32f4xx_tim.o(.text)
    TIM_ForcedOC3Config                      0x08001b69   Thumb Code    12  stm32f4xx_tim.o(.text)
    TIM_ForcedOC4Config                      0x08001b75   Thumb Code    20  stm32f4xx_tim.o(.text)
    TIM_OC1PreloadConfig                     0x08001b89   Thumb Code    12  stm32f4xx_tim.o(.text)
    TIM_OC2PreloadConfig                     0x08001b95   Thumb Code    20  stm32f4xx_tim.o(.text)
    TIM_OC3PreloadConfig                     0x08001ba9   Thumb Code    12  stm32f4xx_tim.o(.text)
    TIM_OC4PreloadConfig                     0x08001bb5   Thumb Code    20  stm32f4xx_tim.o(.text)
    TIM_OC1FastConfig                        0x08001bc9   Thumb Code    12  stm32f4xx_tim.o(.text)
    TIM_OC2FastConfig                        0x08001bd5   Thumb Code    20  stm32f4xx_tim.o(.text)
    TIM_OC3FastConfig                        0x08001be9   Thumb Code    12  stm32f4xx_tim.o(.text)
    TIM_OC4FastConfig                        0x08001bf5   Thumb Code    20  stm32f4xx_tim.o(.text)
    TIM_ClearOC1Ref                          0x08001c09   Thumb Code    12  stm32f4xx_tim.o(.text)
    TIM_ClearOC2Ref                          0x08001c15   Thumb Code    20  stm32f4xx_tim.o(.text)
    TIM_ClearOC3Ref                          0x08001c29   Thumb Code    12  stm32f4xx_tim.o(.text)
    TIM_ClearOC4Ref                          0x08001c35   Thumb Code    20  stm32f4xx_tim.o(.text)
    TIM_OC1PolarityConfig                    0x08001c49   Thumb Code    12  stm32f4xx_tim.o(.text)
    TIM_OC1NPolarityConfig                   0x08001c55   Thumb Code    12  stm32f4xx_tim.o(.text)
    TIM_OC2PolarityConfig                    0x08001c61   Thumb Code    20  stm32f4xx_tim.o(.text)
    TIM_OC2NPolarityConfig                   0x08001c75   Thumb Code    20  stm32f4xx_tim.o(.text)
    TIM_OC3PolarityConfig                    0x08001c89   Thumb Code    20  stm32f4xx_tim.o(.text)
    TIM_OC3NPolarityConfig                   0x08001c9d   Thumb Code    20  stm32f4xx_tim.o(.text)
    TIM_OC4PolarityConfig                    0x08001cb1   Thumb Code    20  stm32f4xx_tim.o(.text)
    TIM_CCxCmd                               0x08001cc5   Thumb Code    22  stm32f4xx_tim.o(.text)
    TIM_CCxNCmd                              0x08001cdb   Thumb Code    22  stm32f4xx_tim.o(.text)
    TIM_SetIC4Prescaler                      0x08001cf1   Thumb Code    24  stm32f4xx_tim.o(.text)
    TIM_SetIC3Prescaler                      0x08001d3f   Thumb Code    16  stm32f4xx_tim.o(.text)
    TIM_SetIC2Prescaler                      0x08001d81   Thumb Code    24  stm32f4xx_tim.o(.text)
    TIM_SetIC1Prescaler                      0x08001dcf   Thumb Code    16  stm32f4xx_tim.o(.text)
    TIM_ICInit                               0x08001e0d   Thumb Code    90  stm32f4xx_tim.o(.text)
    TIM_ICStructInit                         0x08001e67   Thumb Code    16  stm32f4xx_tim.o(.text)
    TIM_PWMIConfig                           0x08001e77   Thumb Code   116  stm32f4xx_tim.o(.text)
    TIM_GetCapture1                          0x08001eeb   Thumb Code     4  stm32f4xx_tim.o(.text)
    TIM_GetCapture2                          0x08001eef   Thumb Code     4  stm32f4xx_tim.o(.text)
    TIM_GetCapture3                          0x08001ef3   Thumb Code     4  stm32f4xx_tim.o(.text)
    TIM_GetCapture4                          0x08001ef7   Thumb Code     4  stm32f4xx_tim.o(.text)
    TIM_BDTRConfig                           0x08001efb   Thumb Code    34  stm32f4xx_tim.o(.text)
    TIM_BDTRStructInit                       0x08001f1d   Thumb Code    18  stm32f4xx_tim.o(.text)
    TIM_CtrlPWMOutputs                       0x08001f2f   Thumb Code    28  stm32f4xx_tim.o(.text)
    TIM_SelectCOM                            0x08001f4b   Thumb Code    24  stm32f4xx_tim.o(.text)
    TIM_CCPreloadControl                     0x08001f63   Thumb Code    24  stm32f4xx_tim.o(.text)
    TIM_ITConfig                             0x08001f7b   Thumb Code    20  stm32f4xx_tim.o(.text)
    TIM_GenerateEvent                        0x08001f8f   Thumb Code     4  stm32f4xx_tim.o(.text)
    TIM_GetFlagStatus                        0x08001f93   Thumb Code    14  stm32f4xx_tim.o(.text)
    TIM_ClearFlag                            0x08001fa1   Thumb Code     6  stm32f4xx_tim.o(.text)
    TIM_GetITStatus                          0x08001fa7   Thumb Code    24  stm32f4xx_tim.o(.text)
    TIM_ClearITPendingBit                    0x08001fbf   Thumb Code     6  stm32f4xx_tim.o(.text)
    TIM_DMAConfig                            0x08001fc5   Thumb Code     8  stm32f4xx_tim.o(.text)
    TIM_DMACmd                               0x08001fcd   Thumb Code    20  stm32f4xx_tim.o(.text)
    TIM_SelectCCDMA                          0x08001fe1   Thumb Code    24  stm32f4xx_tim.o(.text)
    TIM_InternalClockConfig                  0x08001ff9   Thumb Code    10  stm32f4xx_tim.o(.text)
    TIM_SelectInputTrigger                   0x08002003   Thumb Code    12  stm32f4xx_tim.o(.text)
    TIM_ITRxExternalClockConfig              0x0800200f   Thumb Code    20  stm32f4xx_tim.o(.text)
    TIM_TIxExternalClockConfig               0x08002023   Thumb Code    48  stm32f4xx_tim.o(.text)
    TIM_ETRConfig                            0x08002053   Thumb Code    24  stm32f4xx_tim.o(.text)
    TIM_ETRClockMode1Config                  0x0800206b   Thumb Code    32  stm32f4xx_tim.o(.text)
    TIM_ETRClockMode2Config                  0x0800208b   Thumb Code    20  stm32f4xx_tim.o(.text)
    TIM_SelectOutputTrigger                  0x0800209f   Thumb Code    16  stm32f4xx_tim.o(.text)
    TIM_SelectSlaveMode                      0x080020af   Thumb Code    16  stm32f4xx_tim.o(.text)
    TIM_SelectMasterSlaveMode                0x080020bf   Thumb Code    16  stm32f4xx_tim.o(.text)
    TIM_EncoderInterfaceConfig               0x080020cf   Thumb Code    50  stm32f4xx_tim.o(.text)
    TIM_SelectHallSensor                     0x08002101   Thumb Code    24  stm32f4xx_tim.o(.text)
    TIM_RemapConfig                          0x08002119   Thumb Code     6  stm32f4xx_tim.o(.text)
    USART_DeInit                             0x08002121   Thumb Code   224  stm32f4xx_usart.o(.text)
    USART_Init                               0x08002201   Thumb Code   180  stm32f4xx_usart.o(.text)
    USART_StructInit                         0x080022b5   Thumb Code    22  stm32f4xx_usart.o(.text)
    USART_ClockInit                          0x080022cb   Thumb Code    28  stm32f4xx_usart.o(.text)
    USART_ClockStructInit                    0x080022e7   Thumb Code    12  stm32f4xx_usart.o(.text)
    USART_Cmd                                0x080022f3   Thumb Code    24  stm32f4xx_usart.o(.text)
    USART_SetPrescaler                       0x0800230b   Thumb Code    16  stm32f4xx_usart.o(.text)
    USART_OverSampling8Cmd                   0x0800231b   Thumb Code    24  stm32f4xx_usart.o(.text)
    USART_OneBitMethodCmd                    0x08002333   Thumb Code    24  stm32f4xx_usart.o(.text)
    USART_SendData                           0x0800234b   Thumb Code     8  stm32f4xx_usart.o(.text)
    USART_ReceiveData                        0x08002353   Thumb Code     8  stm32f4xx_usart.o(.text)
    USART_SetAddress                         0x0800235b   Thumb Code    16  stm32f4xx_usart.o(.text)
    USART_ReceiverWakeUpCmd                  0x0800236b   Thumb Code    24  stm32f4xx_usart.o(.text)
    USART_WakeUpConfig                       0x08002383   Thumb Code    16  stm32f4xx_usart.o(.text)
    USART_LINBreakDetectLengthConfig         0x08002393   Thumb Code    16  stm32f4xx_usart.o(.text)
    USART_LINCmd                             0x080023a3   Thumb Code    24  stm32f4xx_usart.o(.text)
    USART_SendBreak                          0x080023bb   Thumb Code    10  stm32f4xx_usart.o(.text)
    USART_HalfDuplexCmd                      0x080023c5   Thumb Code    24  stm32f4xx_usart.o(.text)
    USART_SetGuardTime                       0x080023dd   Thumb Code    16  stm32f4xx_usart.o(.text)
    USART_SmartCardCmd                       0x080023ed   Thumb Code    24  stm32f4xx_usart.o(.text)
    USART_SmartCardNACKCmd                   0x08002405   Thumb Code    24  stm32f4xx_usart.o(.text)
    USART_IrDAConfig                         0x0800241d   Thumb Code    16  stm32f4xx_usart.o(.text)
    USART_IrDACmd                            0x0800242d   Thumb Code    24  stm32f4xx_usart.o(.text)
    USART_DMACmd                             0x08002445   Thumb Code    20  stm32f4xx_usart.o(.text)
    USART_ITConfig                           0x08002459   Thumb Code    54  stm32f4xx_usart.o(.text)
    USART_GetFlagStatus                      0x0800248f   Thumb Code    14  stm32f4xx_usart.o(.text)
    USART_ClearFlag                          0x0800249d   Thumb Code     8  stm32f4xx_usart.o(.text)
    USART_GetITStatus                        0x080024a5   Thumb Code    64  stm32f4xx_usart.o(.text)
    USART_ClearITPendingBit                  0x080024e5   Thumb Code    16  stm32f4xx_usart.o(.text)
    ADC_DeInit                               0x08002515   Thumb Code    24  stm32f4xx_adc.o(.text)
    ADC_Init                                 0x0800252d   Thumb Code    66  stm32f4xx_adc.o(.text)
    ADC_StructInit                           0x0800256f   Thumb Code    20  stm32f4xx_adc.o(.text)
    ADC_CommonInit                           0x08002583   Thumb Code    30  stm32f4xx_adc.o(.text)
    ADC_CommonStructInit                     0x080025a1   Thumb Code    12  stm32f4xx_adc.o(.text)
    ADC_Cmd                                  0x080025ad   Thumb Code    24  stm32f4xx_adc.o(.text)
    ADC_AnalogWatchdogCmd                    0x080025c5   Thumb Code    12  stm32f4xx_adc.o(.text)
    ADC_AnalogWatchdogThresholdsConfig       0x080025d1   Thumb Code     6  stm32f4xx_adc.o(.text)
    ADC_AnalogWatchdogSingleChannelConfig    0x080025d7   Thumb Code    12  stm32f4xx_adc.o(.text)
    ADC_TempSensorVrefintCmd                 0x080025e3   Thumb Code    34  stm32f4xx_adc.o(.text)
    ADC_VBATCmd                              0x08002605   Thumb Code    34  stm32f4xx_adc.o(.text)
    ADC_RegularChannelConfig                 0x08002627   Thumb Code   116  stm32f4xx_adc.o(.text)
    ADC_SoftwareStartConv                    0x0800269b   Thumb Code    10  stm32f4xx_adc.o(.text)
    ADC_GetSoftwareStartConvStatus           0x080026a5   Thumb Code    14  stm32f4xx_adc.o(.text)
    ADC_EOCOnEachRegularChannelCmd           0x080026b3   Thumb Code    24  stm32f4xx_adc.o(.text)
    ADC_ContinuousModeCmd                    0x080026cb   Thumb Code    24  stm32f4xx_adc.o(.text)
    ADC_DiscModeChannelCountConfig           0x080026e3   Thumb Code    16  stm32f4xx_adc.o(.text)
    ADC_DiscModeCmd                          0x080026f3   Thumb Code    24  stm32f4xx_adc.o(.text)
    ADC_GetConversionValue                   0x0800270b   Thumb Code     6  stm32f4xx_adc.o(.text)
    ADC_GetMultiModeConversionValue          0x08002711   Thumb Code     8  stm32f4xx_adc.o(.text)
    ADC_DMACmd                               0x08002719   Thumb Code    24  stm32f4xx_adc.o(.text)
    ADC_DMARequestAfterLastTransferCmd       0x08002731   Thumb Code    24  stm32f4xx_adc.o(.text)
    ADC_MultiModeDMARequestAfterLastTransferCmd 0x08002749   Thumb Code    34  stm32f4xx_adc.o(.text)
    ADC_InjectedChannelConfig                0x0800276b   Thumb Code    74  stm32f4xx_adc.o(.text)
    ADC_InjectedSequencerLengthConfig        0x080027b5   Thumb Code    16  stm32f4xx_adc.o(.text)
    ADC_SetInjectedOffset                    0x080027c5   Thumb Code    16  stm32f4xx_adc.o(.text)
    ADC_ExternalTrigInjectedConvConfig       0x080027d5   Thumb Code    12  stm32f4xx_adc.o(.text)
    ADC_ExternalTrigInjectedConvEdgeConfig   0x080027e1   Thumb Code    12  stm32f4xx_adc.o(.text)
    ADC_SoftwareStartInjectedConv            0x080027ed   Thumb Code    10  stm32f4xx_adc.o(.text)
    ADC_GetSoftwareStartInjectedConvCmdStatus 0x080027f7   Thumb Code    14  stm32f4xx_adc.o(.text)
    ADC_AutoInjectedConvCmd                  0x08002805   Thumb Code    24  stm32f4xx_adc.o(.text)
    ADC_InjectedDiscModeCmd                  0x0800281d   Thumb Code    24  stm32f4xx_adc.o(.text)
    ADC_GetInjectedConversionValue           0x08002835   Thumb Code    20  stm32f4xx_adc.o(.text)
    ADC_ITConfig                             0x08002849   Thumb Code    24  stm32f4xx_adc.o(.text)
    ADC_GetFlagStatus                        0x08002861   Thumb Code    14  stm32f4xx_adc.o(.text)
    ADC_ClearFlag                            0x0800286f   Thumb Code     6  stm32f4xx_adc.o(.text)
    ADC_GetITStatus                          0x08002875   Thumb Code    30  stm32f4xx_adc.o(.text)
    ADC_ClearITPendingBit                    0x08002893   Thumb Code     8  stm32f4xx_adc.o(.text)
    Kinematic_Analysis                       0x080028b5   Thumb Code    42  cardrivectrl.o(.text)
    Incremental_PI_A                         0x080028df   Thumb Code    66  cardrivectrl.o(.text)
    Incremental_PI_B                         0x08002921   Thumb Code    66  cardrivectrl.o(.text)
    Get_PWM                                  0x08002963   Thumb Code   108  cardrivectrl.o(.text)
    Set_Pwm                                  0x080029cf   Thumb Code    70  cardrivectrl.o(.text)
    Read_Encoder                             0x08002a15   Thumb Code    52  cardrivectrl.o(.text)
    Encoder_Init_TIM2                        0x08002a49   Thumb Code   176  cardrivectrl.o(.text)
    Encoder_Init_TIM3                        0x08002af9   Thumb Code   198  cardrivectrl.o(.text)
    __use_no_semihosting                     0x08002bdd   Thumb Code     2  use_no_semi_2.o(.text)
    __2printf                                0x08002be1   Thumb Code    20  noretval__2printf.o(.text)
    __printf                                 0x08002bf9   Thumb Code   104  __printf.o(.text)
    _printf_int_dec                          0x08002c61   Thumb Code   104  _printf_dec.o(.text)
    __use_two_region_memory                  0x08002cd9   Thumb Code     2  heapauxi.o(.text)
    __rt_heap_escrow$2region                 0x08002cdb   Thumb Code     2  heapauxi.o(.text)
    __rt_heap_expand$2region                 0x08002cdd   Thumb Code     2  heapauxi.o(.text)
    __I$use$semihosting                      0x08002cdf   Thumb Code     0  use_no_semi.o(.text)
    __use_no_semihosting_swi                 0x08002cdf   Thumb Code     2  use_no_semi.o(.text)
    _printf_int_common                       0x08002ce1   Thumb Code   178  _printf_intcommon.o(.text)
    _printf_char_file                        0x08002d95   Thumb Code    32  _printf_char_file.o(.text)
    _printf_char_common                      0x08002dc3   Thumb Code    32  _printf_char_common.o(.text)
    ferror                                   0x08002de9   Thumb Code     8  ferror.o(.text)
    __user_setup_stackheap                   0x08002df1   Thumb Code    74  sys_stackheap_outer.o(.text)
    exit                                     0x08002e3b   Thumb Code    18  exit.o(.text)
    __user_libspace                          0x08002e4d   Thumb Code     8  libspace.o(.text)
    __user_perproc_libspace                  0x08002e4d   Thumb Code     0  libspace.o(.text)
    __user_perthread_libspace                0x08002e4d   Thumb Code     0  libspace.o(.text)
    __aeabi_d2f                              0x08002e55   Thumb Code     0  d2f.o(x$fpl$d2f)
    _d2f                                     0x08002e55   Thumb Code    98  d2f.o(x$fpl$d2f)
    __aeabi_ddiv                             0x08002eb9   Thumb Code     0  ddiv.o(x$fpl$ddiv)
    _ddiv                                    0x08002eb9   Thumb Code   552  ddiv.o(x$fpl$ddiv)
    __aeabi_dmul                             0x08003169   Thumb Code     0  dmul.o(x$fpl$dmul)
    _dmul                                    0x08003169   Thumb Code   332  dmul.o(x$fpl$dmul)
    __fpl_dnaninf                            0x080032bd   Thumb Code   156  dnaninf.o(x$fpl$dnaninf)
    __fpl_dretinf                            0x08003359   Thumb Code    12  dretinf.o(x$fpl$dretinf)
    __aeabi_f2d                              0x08003365   Thumb Code     0  f2d.o(x$fpl$f2d)
    _f2d                                     0x08003365   Thumb Code    86  f2d.o(x$fpl$f2d)
    __fpl_fnaninf                            0x080033bb   Thumb Code   140  fnaninf.o(x$fpl$fnaninf)
    _fp_init                                 0x08003447   Thumb Code    10  fpinit.o(x$fpl$fpinit)
    __fplib_config_fpu_vfp                   0x0800344f   Thumb Code     0  fpinit.o(x$fpl$fpinit)
    __fplib_config_pureend_doubles           0x0800344f   Thumb Code     0  fpinit.o(x$fpl$fpinit)
    __fpl_fretinf                            0x08003451   Thumb Code    10  fretinf.o(x$fpl$fretinf)
    __I$use$fp                               0x0800345a   Number         0  usenofp.o(x$fpl$usenofp)
    Region$$Table$$Base                      0x0800345c   Number         0  anon$$obj.o(Region$$Table)
    Region$$Table$$Limit                     0x0800347c   Number         0  anon$$obj.o(Region$$Table)
    Velocity                                 0x20000000   Data           4  main.o(.data)
    Angle                                    0x20000004   Data           4  main.o(.data)
    distance                                 0x20000008   Data           4  main.o(.data)
    SystemCoreClock                          0x2000000c   Data           4  system_stm32f4xx.o(.data)
    AHBPrescTable                            0x20000010   Data          16  system_stm32f4xx.o(.data)
    flag                                     0x20000020   Data           1  timer.o(.data)
    v_left                                   0x20000024   Data           4  timer.o(.data)
    v_right                                  0x20000028   Data           4  timer.o(.data)
    CCD_Zhongzhi                             0x20000030   Data           1  ccd.o(.data)
    CCD_Yuzhi                                0x20000031   Data           1  ccd.o(.data)
    gMsHcCount                               0x20000038   Data           4  wave.o(.data)
    USART_RX_STA                             0x20000040   Data           2  usart.o(.data)
    __stdout                                 0x20000044   Data           4  usart.o(.data)
    Velocity_KP                              0x20000058   Data           4  cardrivectrl.o(.data)
    Velocity_KI                              0x2000005c   Data           4  cardrivectrl.o(.data)
    ADV                                      0x20000078   Data         256  ccd.o(.bss)
    USART_RX_BUF                             0x20000178   Data         200  usart.o(.bss)
    __libspace_start                         0x20000240   Data          96  libspace.o(.bss)
    __temporary_stack_top$libspace           0x200002a0   Data           0  libspace.o(.bss)



==============================================================================

Memory Map of the image

  Image Entry point : 0x08000189

  Load Region LR_IROM1 (Base: 0x08000000, Size: 0x000034f4, Max: 0x00100000, ABSOLUTE)

    Execution Region ER_IROM1 (Exec base: 0x08000000, Load base: 0x08000000, Size: 0x0000347c, Max: 0x00100000, ABSOLUTE)

    Exec Addr    Load Addr    Size         Type   Attr      Idx    E Section Name        Object

    0x08000000   0x08000000   0x00000188   Data   RO          442    RESET               startup_stm32f40_41xxx.o
    0x08000188   0x08000188   0x00000008   Code   RO          651  * !!!main             c_w.l(__main.o)
    0x08000190   0x08000190   0x00000034   Code   RO          838    !!!scatter          c_w.l(__scatter.o)
    0x080001c4   0x080001c4   0x0000001a   Code   RO          840    !!handler_copy      c_w.l(__scatter_copy.o)
    0x080001de   0x080001de   0x00000002   PAD
    0x080001e0   0x080001e0   0x0000001c   Code   RO          842    !!handler_zi        c_w.l(__scatter_zi.o)
    0x080001fc   0x080001fc   0x00000000   Code   RO          648    .ARM.Collect$$_printf_percent$$00000000  c_w.l(_printf_percent.o)
    0x080001fc   0x080001fc   0x00000006   Code   RO          647    .ARM.Collect$$_printf_percent$$00000009  c_w.l(_printf_d.o)
    0x08000202   0x08000202   0x00000004   Code   RO          670    .ARM.Collect$$_printf_percent$$00000017  c_w.l(_printf_percent_end.o)
    0x08000206   0x08000206   0x00000002   Code   RO          712    .ARM.Collect$$libinit$$00000000  c_w.l(libinit.o)
    0x08000208   0x08000208   0x00000004   Code   RO          718    .ARM.Collect$$libinit$$00000001  c_w.l(libinit2.o)
    0x0800020c   0x0800020c   0x00000000   Code   RO          721    .ARM.Collect$$libinit$$00000004  c_w.l(libinit2.o)
    0x0800020c   0x0800020c   0x00000000   Code   RO          724    .ARM.Collect$$libinit$$0000000A  c_w.l(libinit2.o)
    0x0800020c   0x0800020c   0x00000000   Code   RO          726    .ARM.Collect$$libinit$$0000000C  c_w.l(libinit2.o)
    0x0800020c   0x0800020c   0x00000000   Code   RO          728    .ARM.Collect$$libinit$$0000000E  c_w.l(libinit2.o)
    0x0800020c   0x0800020c   0x00000000   Code   RO          731    .ARM.Collect$$libinit$$00000011  c_w.l(libinit2.o)
    0x0800020c   0x0800020c   0x00000000   Code   RO          733    .ARM.Collect$$libinit$$00000013  c_w.l(libinit2.o)
    0x0800020c   0x0800020c   0x00000000   Code   RO          735    .ARM.Collect$$libinit$$00000015  c_w.l(libinit2.o)
    0x0800020c   0x0800020c   0x00000000   Code   RO          737    .ARM.Collect$$libinit$$00000017  c_w.l(libinit2.o)
    0x0800020c   0x0800020c   0x00000000   Code   RO          739    .ARM.Collect$$libinit$$00000019  c_w.l(libinit2.o)
    0x0800020c   0x0800020c   0x00000000   Code   RO          741    .ARM.Collect$$libinit$$0000001B  c_w.l(libinit2.o)
    0x0800020c   0x0800020c   0x00000000   Code   RO          743    .ARM.Collect$$libinit$$0000001D  c_w.l(libinit2.o)
    0x0800020c   0x0800020c   0x00000000   Code   RO          745    .ARM.Collect$$libinit$$0000001F  c_w.l(libinit2.o)
    0x0800020c   0x0800020c   0x00000000   Code   RO          747    .ARM.Collect$$libinit$$00000021  c_w.l(libinit2.o)
    0x0800020c   0x0800020c   0x00000000   Code   RO          749    .ARM.Collect$$libinit$$00000023  c_w.l(libinit2.o)
    0x0800020c   0x0800020c   0x00000000   Code   RO          751    .ARM.Collect$$libinit$$00000025  c_w.l(libinit2.o)
    0x0800020c   0x0800020c   0x00000000   Code   RO          755    .ARM.Collect$$libinit$$0000002C  c_w.l(libinit2.o)
    0x0800020c   0x0800020c   0x00000000   Code   RO          757    .ARM.Collect$$libinit$$0000002E  c_w.l(libinit2.o)
    0x0800020c   0x0800020c   0x00000000   Code   RO          759    .ARM.Collect$$libinit$$00000030  c_w.l(libinit2.o)
    0x0800020c   0x0800020c   0x00000000   Code   RO          761    .ARM.Collect$$libinit$$00000032  c_w.l(libinit2.o)
    0x0800020c   0x0800020c   0x00000002   Code   RO          762    .ARM.Collect$$libinit$$00000033  c_w.l(libinit2.o)
    0x0800020e   0x0800020e   0x00000002   Code   RO          780    .ARM.Collect$$libshutdown$$00000000  c_w.l(libshutdown.o)
    0x08000210   0x08000210   0x00000000   Code   RO          790    .ARM.Collect$$libshutdown$$00000002  c_w.l(libshutdown2.o)
    0x08000210   0x08000210   0x00000000   Code   RO          792    .ARM.Collect$$libshutdown$$00000004  c_w.l(libshutdown2.o)
    0x08000210   0x08000210   0x00000000   Code   RO          795    .ARM.Collect$$libshutdown$$00000007  c_w.l(libshutdown2.o)
    0x08000210   0x08000210   0x00000000   Code   RO          798    .ARM.Collect$$libshutdown$$0000000A  c_w.l(libshutdown2.o)
    0x08000210   0x08000210   0x00000000   Code   RO          800    .ARM.Collect$$libshutdown$$0000000C  c_w.l(libshutdown2.o)
    0x08000210   0x08000210   0x00000000   Code   RO          803    .ARM.Collect$$libshutdown$$0000000F  c_w.l(libshutdown2.o)
    0x08000210   0x08000210   0x00000002   Code   RO          804    .ARM.Collect$$libshutdown$$00000010  c_w.l(libshutdown2.o)
    0x08000212   0x08000212   0x00000000   Code   RO          665    .ARM.Collect$$rtentry$$00000000  c_w.l(__rtentry.o)
    0x08000212   0x08000212   0x00000000   Code   RO          681    .ARM.Collect$$rtentry$$00000002  c_w.l(__rtentry2.o)
    0x08000212   0x08000212   0x00000006   Code   RO          693    .ARM.Collect$$rtentry$$00000004  c_w.l(__rtentry4.o)
    0x08000218   0x08000218   0x00000000   Code   RO          683    .ARM.Collect$$rtentry$$00000009  c_w.l(__rtentry2.o)
    0x08000218   0x08000218   0x00000004   Code   RO          684    .ARM.Collect$$rtentry$$0000000A  c_w.l(__rtentry2.o)
    0x0800021c   0x0800021c   0x00000000   Code   RO          686    .ARM.Collect$$rtentry$$0000000C  c_w.l(__rtentry2.o)
    0x0800021c   0x0800021c   0x00000008   Code   RO          687    .ARM.Collect$$rtentry$$0000000D  c_w.l(__rtentry2.o)
    0x08000224   0x08000224   0x00000002   Code   RO          716    .ARM.Collect$$rtexit$$00000000  c_w.l(rtexit.o)
    0x08000226   0x08000226   0x00000000   Code   RO          764    .ARM.Collect$$rtexit$$00000002  c_w.l(rtexit2.o)
    0x08000226   0x08000226   0x00000004   Code   RO          765    .ARM.Collect$$rtexit$$00000003  c_w.l(rtexit2.o)
    0x0800022a   0x0800022a   0x00000006   Code   RO          766    .ARM.Collect$$rtexit$$00000004  c_w.l(rtexit2.o)
    0x08000230   0x08000230   0x000000d8   Code   RO            3    .text               main.o
    0x08000308   0x08000308   0x00000012   Code   RO          179    .text               stm32f4xx_it.o
    0x0800031a   0x0800031a   0x00000002   PAD
    0x0800031c   0x0800031c   0x00000190   Code   RO          228    .text               system_stm32f4xx.o
    0x080004ac   0x080004ac   0x00000040   Code   RO          254    .text               led.o
    0x080004ec   0x080004ec   0x000000a4   Code   RO          274    .text               timer.o
    0x08000590   0x08000590   0x000001a0   Code   RO          300    .text               motor.o
    0x08000730   0x08000730   0x00000300   Code   RO          320    .text               ccd.o
    0x08000a30   0x08000a30   0x00000194   Code   RO          347    .text               wave.o
    0x08000bc4   0x08000bc4   0x000000b8   Code   RO          370    .text               delay.o
    0x08000c7c   0x08000c7c   0x000001a0   Code   RO          410    .text               usart.o
    0x08000e1c   0x08000e1c   0x00000040   Code   RO          443    .text               startup_stm32f40_41xxx.o
    0x08000e5c   0x08000e5c   0x000000bc   Code   RO          449    .text               misc.o
    0x08000f18   0x08000f18   0x00000264   Code   RO          469    .text               stm32f4xx_gpio.o
    0x0800117c   0x0800117c   0x000004e0   Code   RO          489    .text               stm32f4xx_rcc.o
    0x0800165c   0x0800165c   0x00000ac2   Code   RO          531    .text               stm32f4xx_tim.o
    0x0800211e   0x0800211e   0x00000002   PAD
    0x08002120   0x08002120   0x000003f4   Code   RO          551    .text               stm32f4xx_usart.o
    0x08002514   0x08002514   0x000003a0   Code   RO          571    .text               stm32f4xx_adc.o
    0x080028b4   0x080028b4   0x00000328   Code   RO          591    .text               cardrivectrl.o
    0x08002bdc   0x08002bdc   0x00000002   Code   RO          617    .text               c_w.l(use_no_semi_2.o)
    0x08002bde   0x08002bde   0x00000002   PAD
    0x08002be0   0x08002be0   0x00000018   Code   RO          621    .text               c_w.l(noretval__2printf.o)
    0x08002bf8   0x08002bf8   0x00000068   Code   RO          623    .text               c_w.l(__printf.o)
    0x08002c60   0x08002c60   0x00000078   Code   RO          625    .text               c_w.l(_printf_dec.o)
    0x08002cd8   0x08002cd8   0x00000006   Code   RO          649    .text               c_w.l(heapauxi.o)
    0x08002cde   0x08002cde   0x00000002   Code   RO          663    .text               c_w.l(use_no_semi.o)
    0x08002ce0   0x08002ce0   0x000000b2   Code   RO          666    .text               c_w.l(_printf_intcommon.o)
    0x08002d92   0x08002d92   0x00000002   PAD
    0x08002d94   0x08002d94   0x00000024   Code   RO          668    .text               c_w.l(_printf_char_file.o)
    0x08002db8   0x08002db8   0x00000030   Code   RO          695    .text               c_w.l(_printf_char_common.o)
    0x08002de8   0x08002de8   0x00000008   Code   RO          697    .text               c_w.l(ferror.o)
    0x08002df0   0x08002df0   0x0000004a   Code   RO          701    .text               c_w.l(sys_stackheap_outer.o)
    0x08002e3a   0x08002e3a   0x00000012   Code   RO          705    .text               c_w.l(exit.o)
    0x08002e4c   0x08002e4c   0x00000008   Code   RO          713    .text               c_w.l(libspace.o)
    0x08002e54   0x08002e54   0x00000062   Code   RO          653    x$fpl$d2f           fz_wm.l(d2f.o)
    0x08002eb6   0x08002eb6   0x00000002   PAD
    0x08002eb8   0x08002eb8   0x000002b0   Code   RO          656    x$fpl$ddiv          fz_wm.l(ddiv.o)
    0x08003168   0x08003168   0x00000154   Code   RO          659    x$fpl$dmul          fz_wm.l(dmul.o)
    0x080032bc   0x080032bc   0x0000009c   Code   RO          671    x$fpl$dnaninf       fz_wm.l(dnaninf.o)
    0x08003358   0x08003358   0x0000000c   Code   RO          673    x$fpl$dretinf       fz_wm.l(dretinf.o)
    0x08003364   0x08003364   0x00000056   Code   RO          661    x$fpl$f2d           fz_wm.l(f2d.o)
    0x080033ba   0x080033ba   0x0000008c   Code   RO          675    x$fpl$fnaninf       fz_wm.l(fnaninf.o)
    0x08003446   0x08003446   0x0000000a   Code   RO          772    x$fpl$fpinit        fz_wm.l(fpinit.o)
    0x08003450   0x08003450   0x0000000a   Code   RO          677    x$fpl$fretinf       fz_wm.l(fretinf.o)
    0x0800345a   0x0800345a   0x00000000   Code   RO          679    x$fpl$usenofp       fz_wm.l(usenofp.o)
    0x0800345a   0x0800345a   0x00000002   PAD
    0x0800345c   0x0800345c   0x00000020   Data   RO          836    Region$$Table       anon$$obj.o


    Execution Region RW_IRAM1 (Exec base: 0x20000000, Load base: 0x0800347c, Size: 0x000008a0, Max: 0x00020000, ABSOLUTE)

    Exec Addr    Load Addr    Size         Type   Attr      Idx    E Section Name        Object

    0x20000000   0x0800347c   0x0000000c   Data   RW            4    .data               main.o
    0x2000000c   0x08003488   0x00000014   Data   RW          229    .data               system_stm32f4xx.o
    0x20000020   0x0800349c   0x0000000c   Data   RW          275    .data               timer.o
    0x2000002c   0x080034a8   0x0000000a   Data   RW          322    .data               ccd.o
    0x20000036   0x080034b2   0x00000002   PAD
    0x20000038   0x080034b4   0x00000004   Data   RW          348    .data               wave.o
    0x2000003c   0x080034b8   0x00000004   Data   RW          371    .data               delay.o
    0x20000040   0x080034bc   0x00000002   Data   RW          412    .data               usart.o
    0x20000042   0x080034be   0x00000002   PAD
    0x20000044   0x080034c0   0x00000004   Data   RW          413    .data               usart.o
    0x20000048   0x080034c4   0x00000010   Data   RW          490    .data               stm32f4xx_rcc.o
    0x20000058   0x080034d4   0x00000020   Data   RW          592    .data               cardrivectrl.o
    0x20000078        -       0x00000100   Zero   RW          321    .bss                ccd.o
    0x20000178        -       0x000000c8   Zero   RW          411    .bss                usart.o
    0x20000240        -       0x00000060   Zero   RW          714    .bss                c_w.l(libspace.o)
    0x200002a0        -       0x00000200   Zero   RW          441    HEAP                startup_stm32f40_41xxx.o
    0x200004a0        -       0x00000400   Zero   RW          440    STACK               startup_stm32f40_41xxx.o


==============================================================================

Image component sizes


      Code (inc. data)   RO Data    RW Data    ZI Data      Debug   Object Name

       808         30          0         32          0       4026   cardrivectrl.o
       768         46          0         10        256       3254   ccd.o
       184          4          0          4          0       1613   delay.o
        64          6          0          0          0        579   led.o
       216         22          0         12          0     297393   main.o
       188         14          0          0          0       2113   misc.o
       416         18          0          0          0       1308   motor.o
        64         26        392          0       1536        864   startup_stm32f40_41xxx.o
       928         26          0          0          0      11506   stm32f4xx_adc.o
       612         44          0          0          0       4869   stm32f4xx_gpio.o
        18          0          0          0          0       1258   stm32f4xx_it.o
      1248         52          0         16          0      13884   stm32f4xx_rcc.o
      2754         60          0          0          0      25072   stm32f4xx_tim.o
      1012         32          0          0          0       8904   stm32f4xx_usart.o
       400         36          0         20          0       2039   system_stm32f4xx.o
       164         14          0         12          0       1230   timer.o
       416         20          0          6        200       3826   usart.o
       404         26          0          4          0       1973   wave.o

    ----------------------------------------------------------------------
     10668        476        424        120       1992     385711   Object Totals
         0          0         32          0          0          0   (incl. Generated)
         4          0          0          4          0          0   (incl. Padding)

    ----------------------------------------------------------------------

      Code (inc. data)   RO Data    RW Data    ZI Data      Debug   Library Member Name

         8          0          0          0          0         68   __main.o
       104          0          0          0          0         84   __printf.o
         0          0          0          0          0          0   __rtentry.o
        12          0          0          0          0          0   __rtentry2.o
         6          0          0          0          0          0   __rtentry4.o
        52          8          0          0          0          0   __scatter.o
        26          0          0          0          0          0   __scatter_copy.o
        28          0          0          0          0          0   __scatter_zi.o
        48          6          0          0          0         96   _printf_char_common.o
        36          4          0          0          0         80   _printf_char_file.o
         6          0          0          0          0          0   _printf_d.o
       120         16          0          0          0         92   _printf_dec.o
       178          0          0          0          0         88   _printf_intcommon.o
         0          0          0          0          0          0   _printf_percent.o
         4          0          0          0          0          0   _printf_percent_end.o
        18          0          0          0          0         80   exit.o
         8          0          0          0          0         68   ferror.o
         6          0          0          0          0        152   heapauxi.o
         2          0          0          0          0          0   libinit.o
         6          0          0          0          0          0   libinit2.o
         2          0          0          0          0          0   libshutdown.o
         2          0          0          0          0          0   libshutdown2.o
         8          4          0          0         96         68   libspace.o
        24          4          0          0          0         84   noretval__2printf.o
         2          0          0          0          0          0   rtexit.o
        10          0          0          0          0          0   rtexit2.o
        74          0          0          0          0         80   sys_stackheap_outer.o
         2          0          0          0          0         68   use_no_semi.o
         2          0          0          0          0         68   use_no_semi_2.o
        98          4          0          0          0        140   d2f.o
       688        140          0          0          0        256   ddiv.o
       340         12          0          0          0        152   dmul.o
       156          4          0          0          0        140   dnaninf.o
        12          0          0          0          0        116   dretinf.o
        86          4          0          0          0        132   f2d.o
       140          4          0          0          0        132   fnaninf.o
        10          0          0          0          0        116   fpinit.o
        10          0          0          0          0        116   fretinf.o
         0          0          0          0          0          0   usenofp.o

    ----------------------------------------------------------------------
      2344        210          0          0         96       2476   Library Totals
        10          0          0          0          0          0   (incl. Padding)

    ----------------------------------------------------------------------

      Code (inc. data)   RO Data    RW Data    ZI Data      Debug   Library Name

       794         42          0          0         96       1176   c_w.l
      1540        168          0          0          0       1300   fz_wm.l

    ----------------------------------------------------------------------
      2344        210          0          0         96       2476   Library Totals

    ----------------------------------------------------------------------

==============================================================================


      Code (inc. data)   RO Data    RW Data    ZI Data      Debug   

     13012        686        424        120       2088     382967   Grand Totals
     13012        686        424        120       2088     382967   ELF Image Totals
     13012        686        424        120          0          0   ROM Totals

==============================================================================

    Total RO  Size (Code + RO Data)                13436 (  13.12kB)
    Total RW  Size (RW Data + ZI Data)              2208 (   2.16kB)
    Total ROM Size (Code + RO Data + RW Data)      13556 (  13.24kB)

==============================================================================

